<testsuites id="" name="" tests="198" failures="17" skipped="0" errors="0" time="4081.3312770000002">
<testsuite name="auth.setup.ts" timestamp="2026-02-25T20:58:36.194Z" hostname="setup" tests="1" failures="0" skipped="0" time="4.449" errors="0">
<testcase name="authenticate as admin" classname="auth.setup.ts" time="4.449">
</testcase>
</testsuite>
<testsuite name="api-e2e.spec.ts" timestamp="2026-02-25T20:58:36.194Z" hostname="chromium" tests="21" failures="1" skipped="0" time="208.79" errors="0">
<testcase name="🩺 API – Health &amp; Status › health check API Gateway répond 200" classname="api-e2e.spec.ts" time="8.774">
</testcase>
<testcase name="🩺 API – Health &amp; Status › endpoint racine /api/v1 est accessible" classname="api-e2e.spec.ts" time="10.138">
</testcase>
<testcase name="🔑 API – Authentification › login avec identifiants valides retourne un token" classname="api-e2e.spec.ts" time="25.222">
<failure message="api-e2e.spec.ts:65:7 login avec identifiants valides retourne un token" type="FAILURE">
<![CDATA[  [chromium] › api-e2e.spec.ts:65:7 › 🔑 API – Authentification › login avec identifiants valides retourne un token 

    Error: expect(received).toBe(expected) // Object.is equality

    Expected: 200
    Received: 401

      68 |       password: 'Admin123!',
      69 |     });
    > 70 |     expect(res.status).toBe(200);
         |                        ^
      71 |     expect(res.data).toHaveProperty('token');
      72 |   });
      73 |
        at /home/pactivisme/Documents/Dev/Perso/JobbingTrack/frontend/tests/e2e/api-e2e.spec.ts:70:24

    attachment #1: screenshot (image/png) ──────────────────────────────────────────────────────────
    ../../test-results/api-e2e-🔑-API-–-Authentif-d6516-s-valides-retourne-un-token-chromium/test-failed-1.png
    ────────────────────────────────────────────────────────────────────────────────────────────────

    attachment #2: video (video/webm) ──────────────────────────────────────────────────────────────
    ../../test-results/api-e2e-🔑-API-–-Authentif-d6516-s-valides-retourne-un-token-chromium/video.webm
    ────────────────────────────────────────────────────────────────────────────────────────────────

    Error Context: ../../test-results/api-e2e-🔑-API-–-Authentif-d6516-s-valides-retourne-un-token-chromium/error-context.md

    Retry #1 ───────────────────────────────────────────────────────────────────────────────────────

    Error: expect(received).toBe(expected) // Object.is equality

    Expected: 200
    Received: 401

      68 |       password: 'Admin123!',
      69 |     });
    > 70 |     expect(res.status).toBe(200);
         |                        ^
      71 |     expect(res.data).toHaveProperty('token');
      72 |   });
      73 |
        at /home/pactivisme/Documents/Dev/Perso/JobbingTrack/frontend/tests/e2e/api-e2e.spec.ts:70:24

    attachment #1: screenshot (image/png) ──────────────────────────────────────────────────────────
    ../../test-results/api-e2e-🔑-API-–-Authentif-d6516-s-valides-retourne-un-token-chromium-retry1/test-failed-1.png
    ────────────────────────────────────────────────────────────────────────────────────────────────

    attachment #2: video (video/webm) ──────────────────────────────────────────────────────────────
    ../../test-results/api-e2e-🔑-API-–-Authentif-d6516-s-valides-retourne-un-token-chromium-retry1/video.webm
    ────────────────────────────────────────────────────────────────────────────────────────────────

    Error Context: ../../test-results/api-e2e-🔑-API-–-Authentif-d6516-s-valides-retourne-un-token-chromium-retry1/error-context.md

    attachment #4: trace (application/zip) ─────────────────────────────────────────────────────────
    ../../test-results/api-e2e-🔑-API-–-Authentif-d6516-s-valides-retourne-un-token-chromium-retry1/trace.zip
    Usage:

        npx playwright show-trace ../../test-results/api-e2e-🔑-API-–-Authentif-d6516-s-valides-retourne-un-token-chromium-retry1/trace.zip

    ────────────────────────────────────────────────────────────────────────────────────────────────

    Retry #2 ───────────────────────────────────────────────────────────────────────────────────────

    Error: expect(received).toBe(expected) // Object.is equality

    Expected: 200
    Received: 401

      68 |       password: 'Admin123!',
      69 |     });
    > 70 |     expect(res.status).toBe(200);
         |                        ^
      71 |     expect(res.data).toHaveProperty('token');
      72 |   });
      73 |
        at /home/pactivisme/Documents/Dev/Perso/JobbingTrack/frontend/tests/e2e/api-e2e.spec.ts:70:24

    attachment #1: screenshot (image/png) ──────────────────────────────────────────────────────────
    ../../test-results/api-e2e-🔑-API-–-Authentif-d6516-s-valides-retourne-un-token-chromium-retry2/test-failed-1.png
    ────────────────────────────────────────────────────────────────────────────────────────────────

    attachment #2: video (video/webm) ──────────────────────────────────────────────────────────────
    ../../test-results/api-e2e-🔑-API-–-Authentif-d6516-s-valides-retourne-un-token-chromium-retry2/video.webm
    ────────────────────────────────────────────────────────────────────────────────────────────────

    Error Context: ../../test-results/api-e2e-🔑-API-–-Authentif-d6516-s-valides-retourne-un-token-chromium-retry2/error-context.md
]]>
</failure>
<system-out>
<![CDATA[
[[ATTACHMENT|test-results/api-e2e-🔑-API-–-Authentif-d6516-s-valides-retourne-un-token-chromium/test-failed-1.png]]

[[ATTACHMENT|test-results/api-e2e-🔑-API-–-Authentif-d6516-s-valides-retourne-un-token-chromium/video.webm]]

[[ATTACHMENT|test-results/api-e2e-🔑-API-–-Authentif-d6516-s-valides-retourne-un-token-chromium/error-context.md]]

[[ATTACHMENT|test-results/api-e2e-🔑-API-–-Authentif-d6516-s-valides-retourne-un-token-chromium-retry1/test-failed-1.png]]

[[ATTACHMENT|test-results/api-e2e-🔑-API-–-Authentif-d6516-s-valides-retourne-un-token-chromium-retry1/video.webm]]

[[ATTACHMENT|test-results/api-e2e-🔑-API-–-Authentif-d6516-s-valides-retourne-un-token-chromium-retry1/error-context.md]]

[[ATTACHMENT|test-results/api-e2e-🔑-API-–-Authentif-d6516-s-valides-retourne-un-token-chromium-retry1/trace.zip]]

[[ATTACHMENT|test-results/api-e2e-🔑-API-–-Authentif-d6516-s-valides-retourne-un-token-chromium-retry2/test-failed-1.png]]

[[ATTACHMENT|test-results/api-e2e-🔑-API-–-Authentif-d6516-s-valides-retourne-un-token-chromium-retry2/video.webm]]

[[ATTACHMENT|test-results/api-e2e-🔑-API-–-Authentif-d6516-s-valides-retourne-un-token-chromium-retry2/error-context.md]]
]]>
</system-out>
</testcase>
<testcase name="🔑 API – Authentification › login avec identifiants invalides retourne 401" classname="api-e2e.spec.ts" time="9.485">
</testcase>
<testcase name="🔑 API – Authentification › profil utilisateur accessible avec token" classname="api-e2e.spec.ts" time="8.122">
</testcase>
<testcase name="🏢 API – CRUD Entreprises › GET /api/v1/companies retourne une liste" classname="api-e2e.spec.ts" time="8.737">
</testcase>
<testcase name="🏢 API – CRUD Entreprises › POST /api/v1/companies crée une entreprise" classname="api-e2e.spec.ts" time="8.188">
</testcase>
<testcase name="🏢 API – CRUD Entreprises › DELETE /api/v1/companies/:id supprime l&apos;entreprise" classname="api-e2e.spec.ts" time="8.108">
</testcase>
<testcase name="👤 API – Contacts › GET /api/v1/contacts retourne une liste" classname="api-e2e.spec.ts" time="10.149">
</testcase>
<testcase name="👤 API – Contacts › POST /api/v1/contacts crée un contact" classname="api-e2e.spec.ts" time="9.147">
</testcase>
<testcase name="📝 API – Candidatures › GET /api/v1/applications retourne des candidatures" classname="api-e2e.spec.ts" time="8.137">
</testcase>
<testcase name="🔍 API – Recherche › GET /api/v1/search?q=test retourne des résultats" classname="api-e2e.spec.ts" time="9.106">
</testcase>
<testcase name="📊 API – Dashboard &amp; Analytics › GET /api/v1/dashboard retourne les données du tableau de bord" classname="api-e2e.spec.ts" time="8.159">
</testcase>
<testcase name="📊 API – Dashboard &amp; Analytics › GET /api/v1/dashboard/statistics retourne les stats" classname="api-e2e.spec.ts" time="8.152">
</testcase>
<testcase name="🔔 API – Notifications › GET /api/v1/notifications retourne la liste" classname="api-e2e.spec.ts" time="8.142">
</testcase>
<testcase name="⚙️ API – Admin › GET /api/v1/admin/services retourne la liste des services" classname="api-e2e.spec.ts" time="19.166">
</testcase>
<testcase name="⚙️ API – Admin › GET /api/v1/admin/monitoring/system retourne les infos système" classname="api-e2e.spec.ts" time="8.239">
</testcase>
<testcase name="📬 API – Emails › GET /api/v1/emails retourne les emails ou 404" classname="api-e2e.spec.ts" time="8.217">
</testcase>
<testcase name="📬 API – Emails › GET /api/v1/emails/templates retourne les templates" classname="api-e2e.spec.ts" time="8.099">
</testcase>
<testcase name="🛡️ API – Maintenance &amp; WAF › GET /api/v1/maintenance retourne le statut" classname="api-e2e.spec.ts" time="9.136">
</testcase>
<testcase name="🛡️ API – Maintenance &amp; WAF › GET /api/v1/waf/stats retourne les stats WAF" classname="api-e2e.spec.ts" time="8.167">
</testcase>
</testsuite>
<testsuite name="backoffice-extended.spec.ts" timestamp="2026-02-25T20:58:36.194Z" hostname="chromium" tests="30" failures="0" skipped="0" time="155.524" errors="0">
<testcase name="📋 Données individuelles – interactions › page Entretiens : table et éléments interactifs" classname="backoffice-extended.spec.ts" time="4.139">
</testcase>
<testcase name="📋 Données individuelles – interactions › page Appels : table et boutons" classname="backoffice-extended.spec.ts" time="3.899">
</testcase>
<testcase name="📋 Données individuelles – interactions › page Relances : table et boutons" classname="backoffice-extended.spec.ts" time="4.896">
</testcase>
<testcase name="📋 Données individuelles – interactions › page Événements : liste et boutons" classname="backoffice-extended.spec.ts" time="2.567">
</testcase>
<testcase name="📋 Données individuelles – interactions › page Notifications : liste et actions" classname="backoffice-extended.spec.ts" time="4.142">
</testcase>
<testcase name="📈 Analytics – interactions avancées › page Performances réseau affiche métriques et boutons" classname="backoffice-extended.spec.ts" time="16.035">
</testcase>
<testcase name="📈 Analytics – interactions avancées › page Performances applicatives affiche des données" classname="backoffice-extended.spec.ts" time="3.725">
</testcase>
<testcase name="📈 Analytics – interactions avancées › page Analytics conteneurs affiche des conteneurs" classname="backoffice-extended.spec.ts" time="5.923">
</testcase>
<testcase name="📈 Analytics – interactions avancées › page Analytics CPU/système avec boutons interactifs" classname="backoffice-extended.spec.ts" time="2.882">
</testcase>
<testcase name="🔒 Sécurité – interactions avancées › page Analyse de sécurité affiche des résultats" classname="backoffice-extended.spec.ts" time="5.678">
</testcase>
<testcase name="🔒 Sécurité – interactions avancées › page Réseau (sécurité) affiche des données réseau" classname="backoffice-extended.spec.ts" time="4.91">
</testcase>
<testcase name="🔒 Sécurité – interactions avancées › page Menaces affiche la liste des menaces" classname="backoffice-extended.spec.ts" time="4.639">
</testcase>
<testcase name="📧 Emails – pages complémentaires › page Email Monitor affiche le suivi détaillé" classname="backoffice-extended.spec.ts" time="7.064">
</testcase>
<testcase name="📧 Emails – pages complémentaires › page Configuration SMTP affiche les paramètres" classname="backoffice-extended.spec.ts" time="4.672">
</testcase>
<testcase name="📧 Emails – pages complémentaires › page Délivrabilité affiche les métriques" classname="backoffice-extended.spec.ts" time="4.31">
</testcase>
<testcase name="📧 Emails – pages complémentaires › page Historique Emails affiche les logs" classname="backoffice-extended.spec.ts" time="5.46">
</testcase>
<testcase name="🧪 Tests &amp; Outils – interactions avancées › page Tests API affiche les endpoints et résultats" classname="backoffice-extended.spec.ts" time="3.768">
</testcase>
<testcase name="🧪 Tests &amp; Outils – interactions avancées › page Tests Backend avec boutons de lancement" classname="backoffice-extended.spec.ts" time="3.578">
</testcase>
<testcase name="🧪 Tests &amp; Outils – interactions avancées › page Tests Frontend avec résultats" classname="backoffice-extended.spec.ts" time="4.656">
</testcase>
<testcase name="🧪 Tests &amp; Outils – interactions avancées › page Tests Backoffice avec interface" classname="backoffice-extended.spec.ts" time="4.575">
</testcase>
<testcase name="🧪 Tests &amp; Outils – interactions avancées › page Tests Emails avec vérifications" classname="backoffice-extended.spec.ts" time="4.044">
</testcase>
<testcase name="🧪 Tests &amp; Outils – interactions avancées › page Tests Sécurité avec scans" classname="backoffice-extended.spec.ts" time="3.357">
</testcase>
<testcase name="🧪 Tests &amp; Outils – interactions avancées › page Tests Performance avec benchmarks" classname="backoffice-extended.spec.ts" time="7.531">
</testcase>
<testcase name="🧪 Tests &amp; Outils – interactions avancées › page Programmer Tests Performance" classname="backoffice-extended.spec.ts" time="5.721">
</testcase>
<testcase name="🧪 Tests &amp; Outils – interactions avancées › page Performance Tests standalone" classname="backoffice-extended.spec.ts" time="5.367">
</testcase>
<testcase name="🧪 Tests &amp; Outils – interactions avancées › page Données de Test (générateur) est interactive" classname="backoffice-extended.spec.ts" time="3.34">
</testcase>
<testcase name="🧪 Tests &amp; Outils – interactions avancées › page Tests Playwright avec interface" classname="backoffice-extended.spec.ts" time="4.589">
</testcase>
<testcase name="🧪 Tests &amp; Outils – interactions avancées › page Rapports Parcours avec résultats" classname="backoffice-extended.spec.ts" time="7.211">
</testcase>
<testcase name="📱 Émulateur Mobile › page Émulateur Mobile est accessible" classname="backoffice-extended.spec.ts" time="7.032">
</testcase>
<testcase name="🔧 Services – détails étendus › page détail auth-service avec métriques" classname="backoffice-extended.spec.ts" time="5.814">
</testcase>
</testsuite>
<testsuite name="backoffice-interactions.spec.ts" timestamp="2026-02-25T20:58:36.194Z" hostname="chromium" tests="36" failures="0" skipped="0" time="174.261" errors="0">
<testcase name="🏢 CRUD Entreprises (interactions) › ouvrir le modal de création, remplir le formulaire et annuler" classname="backoffice-interactions.spec.ts" time="3.772">
</testcase>
<testcase name="🏢 CRUD Entreprises (interactions) › le champ de recherche filtre les entreprises en temps réel" classname="backoffice-interactions.spec.ts" time="3.483">
</testcase>
<testcase name="🏢 CRUD Entreprises (interactions) › filtrer avec un terme inexistant donne zéro résultat" classname="backoffice-interactions.spec.ts" time="2.632">
</testcase>
<testcase name="🏢 CRUD Entreprises (interactions) › le bouton Supprimer déclenche une confirmation" classname="backoffice-interactions.spec.ts" time="2.506">
</testcase>
<testcase name="👤 CRUD Contacts (interactions) › ouvrir le modal de création, remplir les champs et annuler" classname="backoffice-interactions.spec.ts" time="4.512">
</testcase>
<testcase name="👤 CRUD Contacts (interactions) › rechercher un contact via le champ de recherche" classname="backoffice-interactions.spec.ts" time="2.606">
</testcase>
<testcase name="👤 CRUD Contacts (interactions) › le bouton d&apos;édition ouvre le modal de modification" classname="backoffice-interactions.spec.ts" time="2.177">
</testcase>
<testcase name="👤 CRUD Contacts (interactions) › le bouton de suppression déclenche une confirmation" classname="backoffice-interactions.spec.ts" time="2.509">
</testcase>
<testcase name="👤 CRUD Contacts (interactions) › le bouton Actualiser recharge les contacts" classname="backoffice-interactions.spec.ts" time="1.494">
</testcase>
<testcase name="📧 Interactions Emails › remplir et envoyer un email de test" classname="backoffice-interactions.spec.ts" time="7.359">
</testcase>
<testcase name="📧 Interactions Emails › basculer entre onglets Email de Test et Reset Password" classname="backoffice-interactions.spec.ts" time="2.2">
</testcase>
<testcase name="📧 Interactions Emails › cliquer Actualiser rafraîchit les statistiques" classname="backoffice-interactions.spec.ts" time="2.502">
</testcase>
<testcase name="👥 Interactions Utilisateurs › rechercher un utilisateur par nom ou email" classname="backoffice-interactions.spec.ts" time="4.337">
</testcase>
<testcase name="👥 Interactions Utilisateurs › filtrer les utilisateurs par rôle" classname="backoffice-interactions.spec.ts" time="2.546">
</testcase>
<testcase name="👥 Interactions Utilisateurs › cliquer Actualiser recharge la liste" classname="backoffice-interactions.spec.ts" time="1.823">
</testcase>
<testcase name="💾 Interactions Data Management › les boutons d&apos;export sont cliquables" classname="backoffice-interactions.spec.ts" time="3.233">
</testcase>
<testcase name="💾 Interactions Data Management › la zone d&apos;import fichier est visible" classname="backoffice-interactions.spec.ts" time="1.91">
</testcase>
<testcase name="💾 Interactions Data Management › onglets de la page Data sont cliquables" classname="backoffice-interactions.spec.ts" time="6.099">
</testcase>
<testcase name="📊 Interactions Statistiques › cliquer onglets Vue d&apos;ensemble / Sécurité / Logs change le contenu" classname="backoffice-interactions.spec.ts" time="7.729">
</testcase>
<testcase name="🔧 Interactions Services › cliquer onglets Services / Logs Système" classname="backoffice-interactions.spec.ts" time="7.974">
</testcase>
<testcase name="🔧 Interactions Services › naviguer vers le détail d&apos;un service" classname="backoffice-interactions.spec.ts" time="6.945">
</testcase>
<testcase name="⚡ Interactions Analytics › cliquer onglets Analytics utilisateur" classname="backoffice-interactions.spec.ts" time="6.202">
</testcase>
<testcase name="⚡ Interactions Analytics › page Performances affiche des métriques interactives" classname="backoffice-interactions.spec.ts" time="5.332">
</testcase>
<testcase name="🔒 Interactions Sécurité › page Firewall affiche des éléments interactifs" classname="backoffice-interactions.spec.ts" time="4.296">
</testcase>
<testcase name="🔒 Interactions Sécurité › page Politiques de sécurité est interactive" classname="backoffice-interactions.spec.ts" time="6.42">
</testcase>
<testcase name="🔍 Interactions Recherche › la page de recherche est interactive" classname="backoffice-interactions.spec.ts" time="5.65">
</testcase>
<testcase name="🏠 Interactions Dashboard › cliquer un lien de navigation change de page" classname="backoffice-interactions.spec.ts" time="11.472">
</testcase>
<testcase name="🏠 Interactions Dashboard › les cartes de métriques sont présentes et cliquables" classname="backoffice-interactions.spec.ts" time="14.159">
</testcase>
<testcase name="📦 Interactions Archives &amp; Corbeille › page Archives affiche les filtres et éléments interactifs" classname="backoffice-interactions.spec.ts" time="4.134">
</testcase>
<testcase name="📦 Interactions Archives &amp; Corbeille › page Corbeille affiche les éléments interactifs" classname="backoffice-interactions.spec.ts" time="3.908">
</testcase>
<testcase name="🎯 Interactions Parcours › page Parcours prédéfinis affiche des scénarios cliquables" classname="backoffice-interactions.spec.ts" time="4.077">
</testcase>
<testcase name="🎯 Interactions Parcours › page Parcours personnalisé est interactive" classname="backoffice-interactions.spec.ts" time="5.029">
</testcase>
<testcase name="🧪 Interactions Tests &amp; API › page Testeur d&apos;API permet de configurer une requête" classname="backoffice-interactions.spec.ts" time="6.205">
</testcase>
<testcase name="🧪 Interactions Tests &amp; API › page Hub Tests affiche les catégories de tests cliquables" classname="backoffice-interactions.spec.ts" time="4.52">
</testcase>
<testcase name="🧪 Interactions Tests &amp; API › page Rapports de tests affiche les rapports et permet le tri" classname="backoffice-interactions.spec.ts" time="6.99">
</testcase>
<testcase name="📝 Interactions Templates Emails › cliquer onglets Prévisualisation / Code / Variables" classname="backoffice-interactions.spec.ts" time="5.519">
</testcase>
</testsuite>
<testsuite name="backoffice.spec.ts" timestamp="2026-02-25T20:58:36.194Z" hostname="chromium" tests="77" failures="1" skipped="0" time="1142.75" errors="0">
<testcase name="🏠 Dashboard principal › affiche le dashboard avec nav et métriques" classname="backoffice.spec.ts" time="8.897">
</testcase>
<testcase name="🏠 Dashboard principal › affiche les cartes de métriques système" classname="backoffice.spec.ts" time="8.165">
</testcase>
<testcase name="🏠 Dashboard principal › maintient la session après rechargement" classname="backoffice.spec.ts" time="18.377">
</testcase>
<testcase name="🏠 Dashboard principal › layout cohérent (pas de scroll horizontal)" classname="backoffice.spec.ts" time="8.202">
</testcase>
<testcase name="📊 Statistiques &amp; Monitoring › page Statistiques &amp; Monitoring Global" classname="backoffice.spec.ts" time="19.398">
</testcase>
<testcase name="📊 Statistiques &amp; Monitoring › onglets Vue ensemble / Sécurité / Logs" classname="backoffice.spec.ts" time="3.626">
</testcase>
<testcase name="📊 Statistiques &amp; Monitoring › page Statistics (alias)" classname="backoffice.spec.ts" time="5.844">
</testcase>
<testcase name="⚡ Performances &amp; Analytics › page Performances complètes" classname="backoffice.spec.ts" time="4.734">
</testcase>
<testcase name="⚡ Performances &amp; Analytics › page Performances réseau" classname="backoffice.spec.ts" time="4.728">
</testcase>
<testcase name="⚡ Performances &amp; Analytics › page Performances applicatives" classname="backoffice.spec.ts" time="5.229">
</testcase>
<testcase name="⚡ Performances &amp; Analytics › page Analytics conteneurs" classname="backoffice.spec.ts" time="9.752">
</testcase>
<testcase name="⚡ Performances &amp; Analytics › page Analytics utilisateur" classname="backoffice.spec.ts" time="4.094">
</testcase>
<testcase name="⚡ Performances &amp; Analytics › onglets Analytics utilisateur" classname="backoffice.spec.ts" time="4.026">
</testcase>
<testcase name="⚡ Performances &amp; Analytics › page Analytics CPU/système" classname="backoffice.spec.ts" time="4.146">
</testcase>
<testcase name="🔒 Sécurité › page Analyse de sécurité" classname="backoffice.spec.ts" time="8.261">
</testcase>
<testcase name="🔒 Sécurité › page Firewall" classname="backoffice.spec.ts" time="5.242">
</testcase>
<testcase name="🔒 Sécurité › page Réseau (sécurité)" classname="backoffice.spec.ts" time="8.926">
</testcase>
<testcase name="🔒 Sécurité › page Politiques de sécurité" classname="backoffice.spec.ts" time="5.925">
</testcase>
<testcase name="🔒 Sécurité › page Menaces" classname="backoffice.spec.ts" time="9.333">
</testcase>
<testcase name="🔒 Sécurité › page Logs de sécurité (onglet Sécurité dans statistique)" classname="backoffice.spec.ts" time="11.328">
</testcase>
<testcase name="🔧 Services › page Liste des services" classname="backoffice.spec.ts" time="10.928">
</testcase>
<testcase name="🔧 Services › onglets Services / Logs Système" classname="backoffice.spec.ts" time="10.142">
</testcase>
<testcase name="🔧 Services › page détail d&apos;un service (api-gateway)" classname="backoffice.spec.ts" time="9.896">
</testcase>
<testcase name="🔧 Services › page détail d&apos;un service (auth-service)" classname="backoffice.spec.ts" time="5.062">
</testcase>
<testcase name="🔧 Services › page Applications/Gestion des Services" classname="backoffice.spec.ts" time="4.992">
</testcase>
<testcase name="💾 Gestion des données › page principale Gestion des données" classname="backoffice.spec.ts" time="10.061">
</testcase>
<testcase name="💾 Gestion des données › onglet Candidatures" classname="backoffice.spec.ts" time="2.811">
</testcase>
<testcase name="💾 Gestion des données › onglet Entreprises" classname="backoffice.spec.ts" time="2.133">
</testcase>
<testcase name="💾 Gestion des données › onglet Contacts" classname="backoffice.spec.ts" time="2.414">
</testcase>
<testcase name="💾 Gestion des données › onglet Entretiens" classname="backoffice.spec.ts" time="2.943">
</testcase>
<testcase name="💾 Gestion des données › onglet Appels" classname="backoffice.spec.ts" time="2.821">
</testcase>
<testcase name="💾 Gestion des données › onglet Relances" classname="backoffice.spec.ts" time="3.04">
</testcase>
<testcase name="💾 Gestion des données › onglet Événements" classname="backoffice.spec.ts" time="5.05">
</testcase>
<testcase name="💾 Gestion des données › onglet Notifications" classname="backoffice.spec.ts" time="2.006">
</testcase>
<testcase name="💾 Gestion des données › onglet Stats utilisateur" classname="backoffice.spec.ts" time="2.826">
</testcase>
<testcase name="💾 Gestion des données › onglet Abonnement &amp; facturation" classname="backoffice.spec.ts" time="1.677">
</testcase>
<testcase name="💾 Gestion des données › onglet Données de test" classname="backoffice.spec.ts" time="4.254">
</testcase>
<testcase name="💾 Gestion des données › page standalone Data Management" classname="backoffice.spec.ts" time="7.227">
</testcase>
<testcase name="📋 Pages données individuelles › page Entreprises" classname="backoffice.spec.ts" time="7.791">
</testcase>
<testcase name="📋 Pages données individuelles › page Contacts" classname="backoffice.spec.ts" time="12.748">
</testcase>
<testcase name="📋 Pages données individuelles › page Entretiens" classname="backoffice.spec.ts" time="7.845">
</testcase>
<testcase name="📋 Pages données individuelles › page Appels" classname="backoffice.spec.ts" time="15.242">
</testcase>
<testcase name="📋 Pages données individuelles › page Relances" classname="backoffice.spec.ts" time="6.823">
</testcase>
<testcase name="📋 Pages données individuelles › page Événements" classname="backoffice.spec.ts" time="12.415">
</testcase>
<testcase name="📋 Pages données individuelles › page Notifications" classname="backoffice.spec.ts" time="4.457">
</testcase>
<testcase name="📦 Archives &amp; Corbeille › page Archives" classname="backoffice.spec.ts" time="6.655">
</testcase>
<testcase name="📦 Archives &amp; Corbeille › page Corbeille" classname="backoffice.spec.ts" time="8.326">
</testcase>
<testcase name="👥 Utilisateurs › page Gestion des utilisateurs" classname="backoffice.spec.ts" time="6.235">
</testcase>
<testcase name="👥 Utilisateurs › page affiche un filtre de rôles ou recherche" classname="backoffice.spec.ts" time="4.581">
</testcase>
<testcase name="📧 Emails › page Gestion des emails" classname="backoffice.spec.ts" time="9.424">
</testcase>
<testcase name="📧 Emails › onglets Email de Test / Reset Password" classname="backoffice.spec.ts" time="3.695">
</testcase>
<testcase name="📧 Emails › page Email Monitor" classname="backoffice.spec.ts" time="7.6">
</testcase>
<testcase name="📧 Emails › page Templates emails" classname="backoffice.spec.ts" time="8.538">
</testcase>
<testcase name="📧 Emails › onglets Templates (Prévisualisation / Code / Variables)" classname="backoffice.spec.ts" time="2.671">
</testcase>
<testcase name="📧 Emails › page Configuration SMTP" classname="backoffice.spec.ts" time="8.972">
</testcase>
<testcase name="📧 Emails › page Délivrabilité" classname="backoffice.spec.ts" time="11.136">
</testcase>
<testcase name="🧪 Tests &amp; API › page Hub Tests principal" classname="backoffice.spec.ts" time="7.453">
</testcase>
<testcase name="🧪 Tests &amp; API › page Tests API" classname="backoffice.spec.ts" time="4.849">
</testcase>
<testcase name="🧪 Tests &amp; API › page Tests Backend" classname="backoffice.spec.ts" time="4.937">
</testcase>
<testcase name="🧪 Tests &amp; API › page Tests Frontend" classname="backoffice.spec.ts" time="5.824">
</testcase>
<testcase name="🧪 Tests &amp; API › page Tests Backoffice" classname="backoffice.spec.ts" time="16.382">
</testcase>
<testcase name="🧪 Tests &amp; API › page Tests Emails" classname="backoffice.spec.ts" time="17.608">
</testcase>
<testcase name="🧪 Tests &amp; API › page Tests Sécurité" classname="backoffice.spec.ts" time="60.988">
<system-out>
<![CDATA[
[[ATTACHMENT|test-results/backoffice-🧪-Tests-API-page-Tests-Sécurité-chromium/error-context.md]]

[[ATTACHMENT|test-results/backoffice-🧪-Tests-API-page-Tests-Sécurité-chromium-retry1/trace.zip]]
]]>
</system-out>
</testcase>
<testcase name="🧪 Tests &amp; API › page Tests Performance" classname="backoffice.spec.ts" time="16.198">
</testcase>
<testcase name="🧪 Tests &amp; API › page Testeur d&apos;API" classname="backoffice.spec.ts" time="44.677">
<system-out>
<![CDATA[
[[ATTACHMENT|test-results/backoffice-🧪-Tests-API-page-Testeur-d-API-chromium/test-failed-1.png]]

[[ATTACHMENT|test-results/backoffice-🧪-Tests-API-page-Testeur-d-API-chromium/video.webm]]

[[ATTACHMENT|test-results/backoffice-🧪-Tests-API-page-Testeur-d-API-chromium/error-context.md]]

[[ATTACHMENT|test-results/backoffice-🧪-Tests-API-page-Testeur-d-API-chromium-retry1/trace.zip]]
]]>
</system-out>
</testcase>
<testcase name="🧪 Tests &amp; API › page Rapports de tests" classname="backoffice.spec.ts" time="78.122">
<system-out>
<![CDATA[
[[ATTACHMENT|test-results/backoffice-🧪-Tests-API-page-Rapports-de-tests-chromium/test-failed-1.png]]

[[ATTACHMENT|test-results/backoffice-🧪-Tests-API-page-Rapports-de-tests-chromium/video.webm]]

[[ATTACHMENT|test-results/backoffice-🧪-Tests-API-page-Rapports-de-tests-chromium/error-context.md]]

[[ATTACHMENT|test-results/backoffice-🧪-Tests-API-page-Rapports-de-tests-chromium-retry1/test-failed-1.png]]

[[ATTACHMENT|test-results/backoffice-🧪-Tests-API-page-Rapports-de-tests-chromium-retry1/video.webm]]

[[ATTACHMENT|test-results/backoffice-🧪-Tests-API-page-Rapports-de-tests-chromium-retry1/error-context.md]]

[[ATTACHMENT|test-results/backoffice-🧪-Tests-API-page-Rapports-de-tests-chromium-retry1/trace.zip]]
]]>
</system-out>
</testcase>
<testcase name="🧪 Tests &amp; API › page Programmer tests" classname="backoffice.spec.ts" time="22.977">
</testcase>
<testcase name="🧪 Tests &amp; API › page Tests Performance (standalone)" classname="backoffice.spec.ts" time="43.037">
<system-out>
<![CDATA[
[[ATTACHMENT|test-results/backoffice-🧪-Tests-API-page-Tests-Performance-standalone--chromium/test-failed-1.png]]

[[ATTACHMENT|test-results/backoffice-🧪-Tests-API-page-Tests-Performance-standalone--chromium/video.webm]]

[[ATTACHMENT|test-results/backoffice-🧪-Tests-API-page-Tests-Performance-standalone--chromium/error-context.md]]

[[ATTACHMENT|test-results/backoffice-🧪-Tests-API-page-Tests-Performance-standalone--chromium-retry1/trace.zip]]
]]>
</system-out>
</testcase>
<testcase name="🧪 Tests &amp; API › page Données de test (générateur)" classname="backoffice.spec.ts" time="42.383">
<system-out>
<![CDATA[
[[ATTACHMENT|test-results/backoffice-🧪-Tests-API-page-Données-de-test-générateur--chromium/test-failed-1.png]]

[[ATTACHMENT|test-results/backoffice-🧪-Tests-API-page-Données-de-test-générateur--chromium/video.webm]]

[[ATTACHMENT|test-results/backoffice-🧪-Tests-API-page-Données-de-test-générateur--chromium/error-context.md]]

[[ATTACHMENT|test-results/backoffice-🧪-Tests-API-page-Données-de-test-générateur--chromium-retry1/trace.zip]]
]]>
</system-out>
</testcase>
<testcase name="🧪 Tests &amp; API › page Tests Playwright" classname="backoffice.spec.ts" time="18.769">
</testcase>
<testcase name="🎯 Parcours utilisateur › page Parcours prédéfinis" classname="backoffice.spec.ts" time="51.95">
<system-out>
<![CDATA[
[[ATTACHMENT|test-results/backoffice-🎯-Parcours-utilisateur-page-Parcours-prédéfinis-chromium/test-failed-1.png]]

[[ATTACHMENT|test-results/backoffice-🎯-Parcours-utilisateur-page-Parcours-prédéfinis-chromium/video.webm]]

[[ATTACHMENT|test-results/backoffice-🎯-Parcours-utilisateur-page-Parcours-prédéfinis-chromium/error-context.md]]

[[ATTACHMENT|test-results/backoffice-🎯-Parcours-utilisateur-page-Parcours-prédéfinis-chromium-retry1/trace.zip]]
]]>
</system-out>
</testcase>
<testcase name="🎯 Parcours utilisateur › page affiche les scénarios disponibles" classname="backoffice.spec.ts" time="65.732">
<system-out>
<![CDATA[
[[ATTACHMENT|test-results/backoffice-🎯-Parcours-uti-ed0a4-e-les-scénarios-disponibles-chromium/video.webm]]

[[ATTACHMENT|test-results/backoffice-🎯-Parcours-uti-ed0a4-e-les-scénarios-disponibles-chromium-retry1/trace.zip]]
]]>
</system-out>
</testcase>
<testcase name="🎯 Parcours utilisateur › page Parcours personnalisé" classname="backoffice.spec.ts" time="29.848">
</testcase>
<testcase name="🎯 Parcours utilisateur › page Rapports de parcours" classname="backoffice.spec.ts" time="95.243">
<failure message="backoffice.spec.ts:476:7 page Rapports de parcours" type="FAILURE">
<![CDATA[  [chromium] › backoffice.spec.ts:476:7 › 🎯 Parcours utilisateur › page Rapports de parcours ──────

    Test timeout of 30000ms exceeded.

    Error: page.goto: Test timeout of 30000ms exceeded.
    Call log:
      - navigating to "http://localhost:5003/backoffice/user-journey/reports", waiting until "load"


      475 |
      476 |   test('page Rapports de parcours', async ({ page }) => {
    > 477 |     await page.goto('/backoffice/user-journey/reports');
          |                ^
      478 |     await expectPageLoaded(page);
      479 |   });
      480 | });
        at /home/pactivisme/Documents/Dev/Perso/JobbingTrack/frontend/tests/e2e/backoffice.spec.ts:477:16

    attachment #1: screenshot (image/png) ──────────────────────────────────────────────────────────
    ../../test-results/backoffice-🎯-Parcours-utilisateur-page-Rapports-de-parcours-chromium/test-failed-1.png
    ────────────────────────────────────────────────────────────────────────────────────────────────

    attachment #2: video (video/webm) ──────────────────────────────────────────────────────────────
    ../../test-results/backoffice-🎯-Parcours-utilisateur-page-Rapports-de-parcours-chromium/video.webm
    ────────────────────────────────────────────────────────────────────────────────────────────────

    Error Context: ../../test-results/backoffice-🎯-Parcours-utilisateur-page-Rapports-de-parcours-chromium/error-context.md

    Retry #1 ───────────────────────────────────────────────────────────────────────────────────────

    Test timeout of 30000ms exceeded.

    Error: page.waitForLoadState: Test timeout of 30000ms exceeded.

      2 |
      3 | async function expectPageLoaded(page: Page, minContentLength = 100) {
    > 4 |   await page.waitForLoadState('networkidle');
        |              ^
      5 |   const len = await page.locator('body').textContent().then(t => (t?.length ?? 0));
      6 |   expect(len).toBeGreaterThan(minContentLength);
      7 | }
        at expectPageLoaded (/home/pactivisme/Documents/Dev/Perso/JobbingTrack/frontend/tests/e2e/backoffice.spec.ts:4:14)
        at /home/pactivisme/Documents/Dev/Perso/JobbingTrack/frontend/tests/e2e/backoffice.spec.ts:478:11

    attachment #1: screenshot (image/png) ──────────────────────────────────────────────────────────
    ../../test-results/backoffice-🎯-Parcours-utilisateur-page-Rapports-de-parcours-chromium-retry1/test-failed-1.png
    ────────────────────────────────────────────────────────────────────────────────────────────────

    attachment #2: video (video/webm) ──────────────────────────────────────────────────────────────
    ../../test-results/backoffice-🎯-Parcours-utilisateur-page-Rapports-de-parcours-chromium-retry1/video.webm
    ────────────────────────────────────────────────────────────────────────────────────────────────

    Error Context: ../../test-results/backoffice-🎯-Parcours-utilisateur-page-Rapports-de-parcours-chromium-retry1/error-context.md

    attachment #4: trace (application/zip) ─────────────────────────────────────────────────────────
    ../../test-results/backoffice-🎯-Parcours-utilisateur-page-Rapports-de-parcours-chromium-retry1/trace.zip
    Usage:

        npx playwright show-trace ../../test-results/backoffice-🎯-Parcours-utilisateur-page-Rapports-de-parcours-chromium-retry1/trace.zip

    ────────────────────────────────────────────────────────────────────────────────────────────────

    Retry #2 ───────────────────────────────────────────────────────────────────────────────────────

    Test timeout of 30000ms exceeded.

    Error: page.waitForLoadState: Test timeout of 30000ms exceeded.

      2 |
      3 | async function expectPageLoaded(page: Page, minContentLength = 100) {
    > 4 |   await page.waitForLoadState('networkidle');
        |              ^
      5 |   const len = await page.locator('body').textContent().then(t => (t?.length ?? 0));
      6 |   expect(len).toBeGreaterThan(minContentLength);
      7 | }
        at expectPageLoaded (/home/pactivisme/Documents/Dev/Perso/JobbingTrack/frontend/tests/e2e/backoffice.spec.ts:4:14)
        at /home/pactivisme/Documents/Dev/Perso/JobbingTrack/frontend/tests/e2e/backoffice.spec.ts:478:11

    attachment #1: screenshot (image/png) ──────────────────────────────────────────────────────────
    ../../test-results/backoffice-🎯-Parcours-utilisateur-page-Rapports-de-parcours-chromium-retry2/test-failed-1.png
    ────────────────────────────────────────────────────────────────────────────────────────────────

    attachment #2: video (video/webm) ──────────────────────────────────────────────────────────────
    ../../test-results/backoffice-🎯-Parcours-utilisateur-page-Rapports-de-parcours-chromium-retry2/video.webm
    ────────────────────────────────────────────────────────────────────────────────────────────────

    Error Context: ../../test-results/backoffice-🎯-Parcours-utilisateur-page-Rapports-de-parcours-chromium-retry2/error-context.md
]]>
</failure>
<system-out>
<![CDATA[
[[ATTACHMENT|test-results/backoffice-🎯-Parcours-utilisateur-page-Rapports-de-parcours-chromium/test-failed-1.png]]

[[ATTACHMENT|test-results/backoffice-🎯-Parcours-utilisateur-page-Rapports-de-parcours-chromium/video.webm]]

[[ATTACHMENT|test-results/backoffice-🎯-Parcours-utilisateur-page-Rapports-de-parcours-chromium/error-context.md]]

[[ATTACHMENT|test-results/backoffice-🎯-Parcours-utilisateur-page-Rapports-de-parcours-chromium-retry1/test-failed-1.png]]

[[ATTACHMENT|test-results/backoffice-🎯-Parcours-utilisateur-page-Rapports-de-parcours-chromium-retry1/video.webm]]

[[ATTACHMENT|test-results/backoffice-🎯-Parcours-utilisateur-page-Rapports-de-parcours-chromium-retry1/error-context.md]]

[[ATTACHMENT|test-results/backoffice-🎯-Parcours-utilisateur-page-Rapports-de-parcours-chromium-retry1/trace.zip]]

[[ATTACHMENT|test-results/backoffice-🎯-Parcours-utilisateur-page-Rapports-de-parcours-chromium-retry2/test-failed-1.png]]

[[ATTACHMENT|test-results/backoffice-🎯-Parcours-utilisateur-page-Rapports-de-parcours-chromium-retry2/video.webm]]

[[ATTACHMENT|test-results/backoffice-🎯-Parcours-utilisateur-page-Rapports-de-parcours-chromium-retry2/error-context.md]]
]]>
</system-out>
</testcase>
<testcase name="🔍 Recherche › page Recherche optimisée" classname="backoffice.spec.ts" time="52.87">
<system-out>
<![CDATA[
[[ATTACHMENT|test-results/backoffice-🔍-Recherche-page-Recherche-optimisée-chromium/test-failed-1.png]]

[[ATTACHMENT|test-results/backoffice-🔍-Recherche-page-Recherche-optimisée-chromium/video.webm]]

[[ATTACHMENT|test-results/backoffice-🔍-Recherche-page-Recherche-optimisée-chromium/error-context.md]]

[[ATTACHMENT|test-results/backoffice-🔍-Recherche-page-Recherche-optimisée-chromium-retry1/trace.zip]]
]]>
</system-out>
</testcase>
<testcase name="🧭 Navigation sidebar › sidebar visible avec liens principaux" classname="backoffice.spec.ts" time="26.392">
</testcase>
<testcase name="🧭 Navigation sidebar › liens de navigation fonctionnels" classname="backoffice.spec.ts" time="42.841">
<system-out>
<![CDATA[
[[ATTACHMENT|test-results/backoffice-🧭-Navigation-s-57245--de-navigation-fonctionnels-chromium/test-failed-1.png]]

[[ATTACHMENT|test-results/backoffice-🧭-Navigation-s-57245--de-navigation-fonctionnels-chromium/video.webm]]

[[ATTACHMENT|test-results/backoffice-🧭-Navigation-s-57245--de-navigation-fonctionnels-chromium/error-context.md]]

[[ATTACHMENT|test-results/backoffice-🧭-Navigation-s-57245--de-navigation-fonctionnels-chromium-retry1/trace.zip]]
]]>
</system-out>
</testcase>
</testsuite>
<testsuite name="performance-e2e.spec.ts" timestamp="2026-02-25T20:58:36.194Z" hostname="chromium" tests="18" failures="9" skipped="0" time="1214.929" errors="0">
<testcase name="⚡ Performance – Chargement des pages › Dashboard charge en moins de 10s" classname="performance-e2e.spec.ts" time="68.695">
<failure message="performance-e2e.spec.ts:43:9 Dashboard charge en moins de 10s" type="FAILURE">
<![CDATA[  [chromium] › performance-e2e.spec.ts:43:9 › ⚡ Performance – Chargement des pages › Dashboard charge en moins de 10s 

    Error: expect(received).toBeLessThan(expected)

    Expected: < 10000
    Received:   22773

      47 |       const duration = Date.now() - start;
      48 |
    > 49 |       expect(duration).toBeLessThan(MAX_PAGE_LOAD_MS);
         |                        ^
      50 |     });
      51 |   }
      52 | });
        at /home/pactivisme/Documents/Dev/Perso/JobbingTrack/frontend/tests/e2e/performance-e2e.spec.ts:49:24

    attachment #1: screenshot (image/png) ──────────────────────────────────────────────────────────
    ../../test-results/performance-e2e-⚡-Performa-17e44-oard-charge-en-moins-de-10s-chromium/test-failed-1.png
    ────────────────────────────────────────────────────────────────────────────────────────────────

    attachment #2: video (video/webm) ──────────────────────────────────────────────────────────────
    ../../test-results/performance-e2e-⚡-Performa-17e44-oard-charge-en-moins-de-10s-chromium/video.webm
    ────────────────────────────────────────────────────────────────────────────────────────────────

    Error Context: ../../test-results/performance-e2e-⚡-Performa-17e44-oard-charge-en-moins-de-10s-chromium/error-context.md

    Retry #1 ───────────────────────────────────────────────────────────────────────────────────────

    Error: expect(received).toBeLessThan(expected)

    Expected: < 10000
    Received:   19365

      47 |       const duration = Date.now() - start;
      48 |
    > 49 |       expect(duration).toBeLessThan(MAX_PAGE_LOAD_MS);
         |                        ^
      50 |     });
      51 |   }
      52 | });
        at /home/pactivisme/Documents/Dev/Perso/JobbingTrack/frontend/tests/e2e/performance-e2e.spec.ts:49:24

    attachment #1: screenshot (image/png) ──────────────────────────────────────────────────────────
    ../../test-results/performance-e2e-⚡-Performa-17e44-oard-charge-en-moins-de-10s-chromium-retry1/test-failed-1.png
    ────────────────────────────────────────────────────────────────────────────────────────────────

    attachment #2: video (video/webm) ──────────────────────────────────────────────────────────────
    ../../test-results/performance-e2e-⚡-Performa-17e44-oard-charge-en-moins-de-10s-chromium-retry1/video.webm
    ────────────────────────────────────────────────────────────────────────────────────────────────

    Error Context: ../../test-results/performance-e2e-⚡-Performa-17e44-oard-charge-en-moins-de-10s-chromium-retry1/error-context.md

    attachment #4: trace (application/zip) ─────────────────────────────────────────────────────────
    ../../test-results/performance-e2e-⚡-Performa-17e44-oard-charge-en-moins-de-10s-chromium-retry1/trace.zip
    Usage:

        npx playwright show-trace ../../test-results/performance-e2e-⚡-Performa-17e44-oard-charge-en-moins-de-10s-chromium-retry1/trace.zip

    ────────────────────────────────────────────────────────────────────────────────────────────────

    Retry #2 ───────────────────────────────────────────────────────────────────────────────────────

    Error: expect(received).toBeLessThan(expected)

    Expected: < 10000
    Received:   25596

      47 |       const duration = Date.now() - start;
      48 |
    > 49 |       expect(duration).toBeLessThan(MAX_PAGE_LOAD_MS);
         |                        ^
      50 |     });
      51 |   }
      52 | });
        at /home/pactivisme/Documents/Dev/Perso/JobbingTrack/frontend/tests/e2e/performance-e2e.spec.ts:49:24

    attachment #1: screenshot (image/png) ──────────────────────────────────────────────────────────
    ../../test-results/performance-e2e-⚡-Performa-17e44-oard-charge-en-moins-de-10s-chromium-retry2/test-failed-1.png
    ────────────────────────────────────────────────────────────────────────────────────────────────

    attachment #2: video (video/webm) ──────────────────────────────────────────────────────────────
    ../../test-results/performance-e2e-⚡-Performa-17e44-oard-charge-en-moins-de-10s-chromium-retry2/video.webm
    ────────────────────────────────────────────────────────────────────────────────────────────────

    Error Context: ../../test-results/performance-e2e-⚡-Performa-17e44-oard-charge-en-moins-de-10s-chromium-retry2/error-context.md
]]>
</failure>
<system-out>
<![CDATA[
[[ATTACHMENT|test-results/performance-e2e-⚡-Performa-17e44-oard-charge-en-moins-de-10s-chromium/test-failed-1.png]]

[[ATTACHMENT|test-results/performance-e2e-⚡-Performa-17e44-oard-charge-en-moins-de-10s-chromium/video.webm]]

[[ATTACHMENT|test-results/performance-e2e-⚡-Performa-17e44-oard-charge-en-moins-de-10s-chromium/error-context.md]]

[[ATTACHMENT|test-results/performance-e2e-⚡-Performa-17e44-oard-charge-en-moins-de-10s-chromium-retry1/test-failed-1.png]]

[[ATTACHMENT|test-results/performance-e2e-⚡-Performa-17e44-oard-charge-en-moins-de-10s-chromium-retry1/video.webm]]

[[ATTACHMENT|test-results/performance-e2e-⚡-Performa-17e44-oard-charge-en-moins-de-10s-chromium-retry1/error-context.md]]

[[ATTACHMENT|test-results/performance-e2e-⚡-Performa-17e44-oard-charge-en-moins-de-10s-chromium-retry1/trace.zip]]

[[ATTACHMENT|test-results/performance-e2e-⚡-Performa-17e44-oard-charge-en-moins-de-10s-chromium-retry2/test-failed-1.png]]

[[ATTACHMENT|test-results/performance-e2e-⚡-Performa-17e44-oard-charge-en-moins-de-10s-chromium-retry2/video.webm]]

[[ATTACHMENT|test-results/performance-e2e-⚡-Performa-17e44-oard-charge-en-moins-de-10s-chromium-retry2/error-context.md]]
]]>
</system-out>
</testcase>
<testcase name="⚡ Performance – Chargement des pages › Entreprises charge en moins de 10s" classname="performance-e2e.spec.ts" time="85.8">
<failure message="performance-e2e.spec.ts:43:9 Entreprises charge en moins de 10s" type="FAILURE">
<![CDATA[  [chromium] › performance-e2e.spec.ts:43:9 › ⚡ Performance – Chargement des pages › Entreprises charge en moins de 10s 

    Test timeout of 30000ms exceeded.

    Error: page.goto: Test timeout of 30000ms exceeded.
    Call log:
      - navigating to "http://localhost:5003/backoffice/companies", waiting until "load"


      43 |     test(`${name} charge en moins de ${MAX_PAGE_LOAD_MS / 1000}s`, async ({ page }) => {
      44 |       const start = Date.now();
    > 45 |       await page.goto(path);
         |                  ^
      46 |       await page.waitForLoadState('networkidle');
      47 |       const duration = Date.now() - start;
      48 |
        at /home/pactivisme/Documents/Dev/Perso/JobbingTrack/frontend/tests/e2e/performance-e2e.spec.ts:45:18

    attachment #1: video (video/webm) ──────────────────────────────────────────────────────────────
    ../../test-results/performance-e2e-⚡-Performa-d0460-ises-charge-en-moins-de-10s-chromium/video.webm
    ────────────────────────────────────────────────────────────────────────────────────────────────

    Error Context: ../../test-results/performance-e2e-⚡-Performa-d0460-ises-charge-en-moins-de-10s-chromium/error-context.md

    Retry #1 ───────────────────────────────────────────────────────────────────────────────────────

    Error: expect(received).toBeLessThan(expected)

    Expected: < 10000
    Received:   26638

      47 |       const duration = Date.now() - start;
      48 |
    > 49 |       expect(duration).toBeLessThan(MAX_PAGE_LOAD_MS);
         |                        ^
      50 |     });
      51 |   }
      52 | });
        at /home/pactivisme/Documents/Dev/Perso/JobbingTrack/frontend/tests/e2e/performance-e2e.spec.ts:49:24

    attachment #1: screenshot (image/png) ──────────────────────────────────────────────────────────
    ../../test-results/performance-e2e-⚡-Performa-d0460-ises-charge-en-moins-de-10s-chromium-retry1/test-failed-1.png
    ────────────────────────────────────────────────────────────────────────────────────────────────

    attachment #2: video (video/webm) ──────────────────────────────────────────────────────────────
    ../../test-results/performance-e2e-⚡-Performa-d0460-ises-charge-en-moins-de-10s-chromium-retry1/video.webm
    ────────────────────────────────────────────────────────────────────────────────────────────────

    Error Context: ../../test-results/performance-e2e-⚡-Performa-d0460-ises-charge-en-moins-de-10s-chromium-retry1/error-context.md

    attachment #4: trace (application/zip) ─────────────────────────────────────────────────────────
    ../../test-results/performance-e2e-⚡-Performa-d0460-ises-charge-en-moins-de-10s-chromium-retry1/trace.zip
    Usage:

        npx playwright show-trace ../../test-results/performance-e2e-⚡-Performa-d0460-ises-charge-en-moins-de-10s-chromium-retry1/trace.zip

    ────────────────────────────────────────────────────────────────────────────────────────────────

    Retry #2 ───────────────────────────────────────────────────────────────────────────────────────

    Error: expect(received).toBeLessThan(expected)

    Expected: < 10000
    Received:   21436

      47 |       const duration = Date.now() - start;
      48 |
    > 49 |       expect(duration).toBeLessThan(MAX_PAGE_LOAD_MS);
         |                        ^
      50 |     });
      51 |   }
      52 | });
        at /home/pactivisme/Documents/Dev/Perso/JobbingTrack/frontend/tests/e2e/performance-e2e.spec.ts:49:24

    attachment #1: screenshot (image/png) ──────────────────────────────────────────────────────────
    ../../test-results/performance-e2e-⚡-Performa-d0460-ises-charge-en-moins-de-10s-chromium-retry2/test-failed-1.png
    ────────────────────────────────────────────────────────────────────────────────────────────────

    attachment #2: video (video/webm) ──────────────────────────────────────────────────────────────
    ../../test-results/performance-e2e-⚡-Performa-d0460-ises-charge-en-moins-de-10s-chromium-retry2/video.webm
    ────────────────────────────────────────────────────────────────────────────────────────────────

    Error Context: ../../test-results/performance-e2e-⚡-Performa-d0460-ises-charge-en-moins-de-10s-chromium-retry2/error-context.md
]]>
</failure>
<system-out>
<![CDATA[
[[ATTACHMENT|test-results/performance-e2e-⚡-Performa-d0460-ises-charge-en-moins-de-10s-chromium/video.webm]]

[[ATTACHMENT|test-results/performance-e2e-⚡-Performa-d0460-ises-charge-en-moins-de-10s-chromium/error-context.md]]

[[ATTACHMENT|test-results/performance-e2e-⚡-Performa-d0460-ises-charge-en-moins-de-10s-chromium-retry1/test-failed-1.png]]

[[ATTACHMENT|test-results/performance-e2e-⚡-Performa-d0460-ises-charge-en-moins-de-10s-chromium-retry1/video.webm]]

[[ATTACHMENT|test-results/performance-e2e-⚡-Performa-d0460-ises-charge-en-moins-de-10s-chromium-retry1/error-context.md]]

[[ATTACHMENT|test-results/performance-e2e-⚡-Performa-d0460-ises-charge-en-moins-de-10s-chromium-retry1/trace.zip]]

[[ATTACHMENT|test-results/performance-e2e-⚡-Performa-d0460-ises-charge-en-moins-de-10s-chromium-retry2/test-failed-1.png]]

[[ATTACHMENT|test-results/performance-e2e-⚡-Performa-d0460-ises-charge-en-moins-de-10s-chromium-retry2/video.webm]]

[[ATTACHMENT|test-results/performance-e2e-⚡-Performa-d0460-ises-charge-en-moins-de-10s-chromium-retry2/error-context.md]]
]]>
</system-out>
</testcase>
<testcase name="⚡ Performance – Chargement des pages › Contacts charge en moins de 10s" classname="performance-e2e.spec.ts" time="93.934">
<failure message="performance-e2e.spec.ts:43:9 Contacts charge en moins de 10s" type="FAILURE">
<![CDATA[  [chromium] › performance-e2e.spec.ts:43:9 › ⚡ Performance – Chargement des pages › Contacts charge en moins de 10s 

    Test timeout of 30000ms exceeded.

    Error: page.goto: net::ERR_ABORTED; maybe frame was detached?
    Call log:
      - navigating to "http://localhost:5003/backoffice/contacts", waiting until "load"


      43 |     test(`${name} charge en moins de ${MAX_PAGE_LOAD_MS / 1000}s`, async ({ page }) => {
      44 |       const start = Date.now();
    > 45 |       await page.goto(path);
         |                  ^
      46 |       await page.waitForLoadState('networkidle');
      47 |       const duration = Date.now() - start;
      48 |
        at /home/pactivisme/Documents/Dev/Perso/JobbingTrack/frontend/tests/e2e/performance-e2e.spec.ts:45:18

    attachment #1: video (video/webm) ──────────────────────────────────────────────────────────────
    ../../test-results/performance-e2e-⚡-Performa-98c73-acts-charge-en-moins-de-10s-chromium/video.webm
    ────────────────────────────────────────────────────────────────────────────────────────────────

    Retry #1 ───────────────────────────────────────────────────────────────────────────────────────

    Error: expect(received).toBeLessThan(expected)

    Expected: < 10000
    Received:   16433

      47 |       const duration = Date.now() - start;
      48 |
    > 49 |       expect(duration).toBeLessThan(MAX_PAGE_LOAD_MS);
         |                        ^
      50 |     });
      51 |   }
      52 | });
        at /home/pactivisme/Documents/Dev/Perso/JobbingTrack/frontend/tests/e2e/performance-e2e.spec.ts:49:24

    attachment #1: screenshot (image/png) ──────────────────────────────────────────────────────────
    ../../test-results/performance-e2e-⚡-Performa-98c73-acts-charge-en-moins-de-10s-chromium-retry1/test-failed-1.png
    ────────────────────────────────────────────────────────────────────────────────────────────────

    attachment #2: video (video/webm) ──────────────────────────────────────────────────────────────
    ../../test-results/performance-e2e-⚡-Performa-98c73-acts-charge-en-moins-de-10s-chromium-retry1/video.webm
    ────────────────────────────────────────────────────────────────────────────────────────────────

    Error Context: ../../test-results/performance-e2e-⚡-Performa-98c73-acts-charge-en-moins-de-10s-chromium-retry1/error-context.md

    attachment #4: trace (application/zip) ─────────────────────────────────────────────────────────
    ../../test-results/performance-e2e-⚡-Performa-98c73-acts-charge-en-moins-de-10s-chromium-retry1/trace.zip
    Usage:

        npx playwright show-trace ../../test-results/performance-e2e-⚡-Performa-98c73-acts-charge-en-moins-de-10s-chromium-retry1/trace.zip

    ────────────────────────────────────────────────────────────────────────────────────────────────

    Retry #2 ───────────────────────────────────────────────────────────────────────────────────────

    Test timeout of 30000ms exceeded.

    Error: page.goto: Test timeout of 30000ms exceeded.
    Call log:
      - navigating to "http://localhost:5003/backoffice/contacts", waiting until "load"


      43 |     test(`${name} charge en moins de ${MAX_PAGE_LOAD_MS / 1000}s`, async ({ page }) => {
      44 |       const start = Date.now();
    > 45 |       await page.goto(path);
         |                  ^
      46 |       await page.waitForLoadState('networkidle');
      47 |       const duration = Date.now() - start;
      48 |
        at /home/pactivisme/Documents/Dev/Perso/JobbingTrack/frontend/tests/e2e/performance-e2e.spec.ts:45:18

    attachment #1: screenshot (image/png) ──────────────────────────────────────────────────────────
    ../../test-results/performance-e2e-⚡-Performa-98c73-acts-charge-en-moins-de-10s-chromium-retry2/test-failed-1.png
    ────────────────────────────────────────────────────────────────────────────────────────────────

    attachment #2: video (video/webm) ──────────────────────────────────────────────────────────────
    ../../test-results/performance-e2e-⚡-Performa-98c73-acts-charge-en-moins-de-10s-chromium-retry2/video.webm
    ────────────────────────────────────────────────────────────────────────────────────────────────

    Error Context: ../../test-results/performance-e2e-⚡-Performa-98c73-acts-charge-en-moins-de-10s-chromium-retry2/error-context.md
]]>
</failure>
<system-out>
<![CDATA[
[[ATTACHMENT|test-results/performance-e2e-⚡-Performa-98c73-acts-charge-en-moins-de-10s-chromium/video.webm]]

[[ATTACHMENT|test-results/performance-e2e-⚡-Performa-98c73-acts-charge-en-moins-de-10s-chromium-retry1/test-failed-1.png]]

[[ATTACHMENT|test-results/performance-e2e-⚡-Performa-98c73-acts-charge-en-moins-de-10s-chromium-retry1/video.webm]]

[[ATTACHMENT|test-results/performance-e2e-⚡-Performa-98c73-acts-charge-en-moins-de-10s-chromium-retry1/error-context.md]]

[[ATTACHMENT|test-results/performance-e2e-⚡-Performa-98c73-acts-charge-en-moins-de-10s-chromium-retry1/trace.zip]]

[[ATTACHMENT|test-results/performance-e2e-⚡-Performa-98c73-acts-charge-en-moins-de-10s-chromium-retry2/test-failed-1.png]]

[[ATTACHMENT|test-results/performance-e2e-⚡-Performa-98c73-acts-charge-en-moins-de-10s-chromium-retry2/video.webm]]

[[ATTACHMENT|test-results/performance-e2e-⚡-Performa-98c73-acts-charge-en-moins-de-10s-chromium-retry2/error-context.md]]
]]>
</system-out>
</testcase>
<testcase name="⚡ Performance – Chargement des pages › Analytics charge en moins de 10s" classname="performance-e2e.spec.ts" time="100.134">
<failure message="performance-e2e.spec.ts:43:9 Analytics charge en moins de 10s" type="FAILURE">
<![CDATA[  [chromium] › performance-e2e.spec.ts:43:9 › ⚡ Performance – Chargement des pages › Analytics charge en moins de 10s 

    Test timeout of 30000ms exceeded.

    Error: page.goto: net::ERR_ABORTED; maybe frame was detached?
    Call log:
      - navigating to "http://localhost:5003/backoffice/analytics", waiting until "load"


      43 |     test(`${name} charge en moins de ${MAX_PAGE_LOAD_MS / 1000}s`, async ({ page }) => {
      44 |       const start = Date.now();
    > 45 |       await page.goto(path);
         |                  ^
      46 |       await page.waitForLoadState('networkidle');
      47 |       const duration = Date.now() - start;
      48 |
        at /home/pactivisme/Documents/Dev/Perso/JobbingTrack/frontend/tests/e2e/performance-e2e.spec.ts:45:18

    attachment #1: video (video/webm) ──────────────────────────────────────────────────────────────
    ../../test-results/performance-e2e-⚡-Performa-85bee-tics-charge-en-moins-de-10s-chromium/video.webm
    ────────────────────────────────────────────────────────────────────────────────────────────────

    Retry #1 ───────────────────────────────────────────────────────────────────────────────────────

    Test timeout of 30000ms exceeded.

    Error: page.goto: Test timeout of 30000ms exceeded.
    Call log:
      - navigating to "http://localhost:5003/backoffice/analytics", waiting until "load"


      43 |     test(`${name} charge en moins de ${MAX_PAGE_LOAD_MS / 1000}s`, async ({ page }) => {
      44 |       const start = Date.now();
    > 45 |       await page.goto(path);
         |                  ^
      46 |       await page.waitForLoadState('networkidle');
      47 |       const duration = Date.now() - start;
      48 |
        at /home/pactivisme/Documents/Dev/Perso/JobbingTrack/frontend/tests/e2e/performance-e2e.spec.ts:45:18

    attachment #1: screenshot (image/png) ──────────────────────────────────────────────────────────
    ../../test-results/performance-e2e-⚡-Performa-85bee-tics-charge-en-moins-de-10s-chromium-retry1/test-failed-1.png
    ────────────────────────────────────────────────────────────────────────────────────────────────

    attachment #2: video (video/webm) ──────────────────────────────────────────────────────────────
    ../../test-results/performance-e2e-⚡-Performa-85bee-tics-charge-en-moins-de-10s-chromium-retry1/video.webm
    ────────────────────────────────────────────────────────────────────────────────────────────────

    Error Context: ../../test-results/performance-e2e-⚡-Performa-85bee-tics-charge-en-moins-de-10s-chromium-retry1/error-context.md

    attachment #4: trace (application/zip) ─────────────────────────────────────────────────────────
    ../../test-results/performance-e2e-⚡-Performa-85bee-tics-charge-en-moins-de-10s-chromium-retry1/trace.zip
    Usage:

        npx playwright show-trace ../../test-results/performance-e2e-⚡-Performa-85bee-tics-charge-en-moins-de-10s-chromium-retry1/trace.zip

    ────────────────────────────────────────────────────────────────────────────────────────────────

    Retry #2 ───────────────────────────────────────────────────────────────────────────────────────

    Error: expect(received).toBeLessThan(expected)

    Expected: < 10000
    Received:   26967

      47 |       const duration = Date.now() - start;
      48 |
    > 49 |       expect(duration).toBeLessThan(MAX_PAGE_LOAD_MS);
         |                        ^
      50 |     });
      51 |   }
      52 | });
        at /home/pactivisme/Documents/Dev/Perso/JobbingTrack/frontend/tests/e2e/performance-e2e.spec.ts:49:24

    attachment #1: screenshot (image/png) ──────────────────────────────────────────────────────────
    ../../test-results/performance-e2e-⚡-Performa-85bee-tics-charge-en-moins-de-10s-chromium-retry2/test-failed-1.png
    ────────────────────────────────────────────────────────────────────────────────────────────────

    attachment #2: video (video/webm) ──────────────────────────────────────────────────────────────
    ../../test-results/performance-e2e-⚡-Performa-85bee-tics-charge-en-moins-de-10s-chromium-retry2/video.webm
    ────────────────────────────────────────────────────────────────────────────────────────────────

    Error Context: ../../test-results/performance-e2e-⚡-Performa-85bee-tics-charge-en-moins-de-10s-chromium-retry2/error-context.md
]]>
</failure>
<system-out>
<![CDATA[
[[ATTACHMENT|test-results/performance-e2e-⚡-Performa-85bee-tics-charge-en-moins-de-10s-chromium/video.webm]]

[[ATTACHMENT|test-results/performance-e2e-⚡-Performa-85bee-tics-charge-en-moins-de-10s-chromium-retry1/test-failed-1.png]]

[[ATTACHMENT|test-results/performance-e2e-⚡-Performa-85bee-tics-charge-en-moins-de-10s-chromium-retry1/video.webm]]

[[ATTACHMENT|test-results/performance-e2e-⚡-Performa-85bee-tics-charge-en-moins-de-10s-chromium-retry1/error-context.md]]

[[ATTACHMENT|test-results/performance-e2e-⚡-Performa-85bee-tics-charge-en-moins-de-10s-chromium-retry1/trace.zip]]

[[ATTACHMENT|test-results/performance-e2e-⚡-Performa-85bee-tics-charge-en-moins-de-10s-chromium-retry2/test-failed-1.png]]

[[ATTACHMENT|test-results/performance-e2e-⚡-Performa-85bee-tics-charge-en-moins-de-10s-chromium-retry2/video.webm]]

[[ATTACHMENT|test-results/performance-e2e-⚡-Performa-85bee-tics-charge-en-moins-de-10s-chromium-retry2/error-context.md]]
]]>
</system-out>
</testcase>
<testcase name="⚡ Performance – Chargement des pages › Emails charge en moins de 10s" classname="performance-e2e.spec.ts" time="91.184">
<failure message="performance-e2e.spec.ts:43:9 Emails charge en moins de 10s" type="FAILURE">
<![CDATA[  [chromium] › performance-e2e.spec.ts:43:9 › ⚡ Performance – Chargement des pages › Emails charge en moins de 10s 

    Test timeout of 30000ms exceeded.

    Error: page.goto: Test timeout of 30000ms exceeded.
    Call log:
      - navigating to "http://localhost:5003/backoffice/emails", waiting until "load"


      43 |     test(`${name} charge en moins de ${MAX_PAGE_LOAD_MS / 1000}s`, async ({ page }) => {
      44 |       const start = Date.now();
    > 45 |       await page.goto(path);
         |                  ^
      46 |       await page.waitForLoadState('networkidle');
      47 |       const duration = Date.now() - start;
      48 |
        at /home/pactivisme/Documents/Dev/Perso/JobbingTrack/frontend/tests/e2e/performance-e2e.spec.ts:45:18

    attachment #1: video (video/webm) ──────────────────────────────────────────────────────────────
    ../../test-results/performance-e2e-⚡-Performa-44003-ails-charge-en-moins-de-10s-chromium/video.webm
    ────────────────────────────────────────────────────────────────────────────────────────────────

    Error Context: ../../test-results/performance-e2e-⚡-Performa-44003-ails-charge-en-moins-de-10s-chromium/error-context.md

    Retry #1 ───────────────────────────────────────────────────────────────────────────────────────

    Error: expect(received).toBeLessThan(expected)

    Expected: < 10000
    Received:   28656

      47 |       const duration = Date.now() - start;
      48 |
    > 49 |       expect(duration).toBeLessThan(MAX_PAGE_LOAD_MS);
         |                        ^
      50 |     });
      51 |   }
      52 | });
        at /home/pactivisme/Documents/Dev/Perso/JobbingTrack/frontend/tests/e2e/performance-e2e.spec.ts:49:24

    attachment #1: screenshot (image/png) ──────────────────────────────────────────────────────────
    ../../test-results/performance-e2e-⚡-Performa-44003-ails-charge-en-moins-de-10s-chromium-retry1/test-failed-1.png
    ────────────────────────────────────────────────────────────────────────────────────────────────

    attachment #2: video (video/webm) ──────────────────────────────────────────────────────────────
    ../../test-results/performance-e2e-⚡-Performa-44003-ails-charge-en-moins-de-10s-chromium-retry1/video.webm
    ────────────────────────────────────────────────────────────────────────────────────────────────

    Error Context: ../../test-results/performance-e2e-⚡-Performa-44003-ails-charge-en-moins-de-10s-chromium-retry1/error-context.md

    attachment #4: trace (application/zip) ─────────────────────────────────────────────────────────
    ../../test-results/performance-e2e-⚡-Performa-44003-ails-charge-en-moins-de-10s-chromium-retry1/trace.zip
    Usage:

        npx playwright show-trace ../../test-results/performance-e2e-⚡-Performa-44003-ails-charge-en-moins-de-10s-chromium-retry1/trace.zip

    ────────────────────────────────────────────────────────────────────────────────────────────────

    Retry #2 ───────────────────────────────────────────────────────────────────────────────────────

    Error: expect(received).toBeLessThan(expected)

    Expected: < 10000
    Received:   20158

      47 |       const duration = Date.now() - start;
      48 |
    > 49 |       expect(duration).toBeLessThan(MAX_PAGE_LOAD_MS);
         |                        ^
      50 |     });
      51 |   }
      52 | });
        at /home/pactivisme/Documents/Dev/Perso/JobbingTrack/frontend/tests/e2e/performance-e2e.spec.ts:49:24

    attachment #1: screenshot (image/png) ──────────────────────────────────────────────────────────
    ../../test-results/performance-e2e-⚡-Performa-44003-ails-charge-en-moins-de-10s-chromium-retry2/test-failed-1.png
    ────────────────────────────────────────────────────────────────────────────────────────────────

    attachment #2: video (video/webm) ──────────────────────────────────────────────────────────────
    ../../test-results/performance-e2e-⚡-Performa-44003-ails-charge-en-moins-de-10s-chromium-retry2/video.webm
    ────────────────────────────────────────────────────────────────────────────────────────────────

    Error Context: ../../test-results/performance-e2e-⚡-Performa-44003-ails-charge-en-moins-de-10s-chromium-retry2/error-context.md
]]>
</failure>
<system-out>
<![CDATA[
[[ATTACHMENT|test-results/performance-e2e-⚡-Performa-44003-ails-charge-en-moins-de-10s-chromium/video.webm]]

[[ATTACHMENT|test-results/performance-e2e-⚡-Performa-44003-ails-charge-en-moins-de-10s-chromium/error-context.md]]

[[ATTACHMENT|test-results/performance-e2e-⚡-Performa-44003-ails-charge-en-moins-de-10s-chromium-retry1/test-failed-1.png]]

[[ATTACHMENT|test-results/performance-e2e-⚡-Performa-44003-ails-charge-en-moins-de-10s-chromium-retry1/video.webm]]

[[ATTACHMENT|test-results/performance-e2e-⚡-Performa-44003-ails-charge-en-moins-de-10s-chromium-retry1/error-context.md]]

[[ATTACHMENT|test-results/performance-e2e-⚡-Performa-44003-ails-charge-en-moins-de-10s-chromium-retry1/trace.zip]]

[[ATTACHMENT|test-results/performance-e2e-⚡-Performa-44003-ails-charge-en-moins-de-10s-chromium-retry2/test-failed-1.png]]

[[ATTACHMENT|test-results/performance-e2e-⚡-Performa-44003-ails-charge-en-moins-de-10s-chromium-retry2/video.webm]]

[[ATTACHMENT|test-results/performance-e2e-⚡-Performa-44003-ails-charge-en-moins-de-10s-chromium-retry2/error-context.md]]
]]>
</system-out>
</testcase>
<testcase name="⚡ Performance – Chargement des pages › Recherche charge en moins de 10s" classname="performance-e2e.spec.ts" time="83.485">
<system-out>
<![CDATA[
[[ATTACHMENT|test-results/performance-e2e-⚡-Performa-463b2-rche-charge-en-moins-de-10s-chromium/video.webm]]

[[ATTACHMENT|test-results/performance-e2e-⚡-Performa-463b2-rche-charge-en-moins-de-10s-chromium-retry1/test-failed-1.png]]

[[ATTACHMENT|test-results/performance-e2e-⚡-Performa-463b2-rche-charge-en-moins-de-10s-chromium-retry1/video.webm]]

[[ATTACHMENT|test-results/performance-e2e-⚡-Performa-463b2-rche-charge-en-moins-de-10s-chromium-retry1/error-context.md]]

[[ATTACHMENT|test-results/performance-e2e-⚡-Performa-463b2-rche-charge-en-moins-de-10s-chromium-retry1/trace.zip]]
]]>
</system-out>
</testcase>
<testcase name="⚡ Performance – Chargement des pages › Utilisateurs charge en moins de 10s" classname="performance-e2e.spec.ts" time="103.215">
<failure message="performance-e2e.spec.ts:43:9 Utilisateurs charge en moins de 10s" type="FAILURE">
<![CDATA[  [chromium] › performance-e2e.spec.ts:43:9 › ⚡ Performance – Chargement des pages › Utilisateurs charge en moins de 10s 

    Test timeout of 30000ms exceeded.

    Error: page.goto: net::ERR_ABORTED; maybe frame was detached?
    Call log:
      - navigating to "http://localhost:5003/backoffice/users", waiting until "load"


      43 |     test(`${name} charge en moins de ${MAX_PAGE_LOAD_MS / 1000}s`, async ({ page }) => {
      44 |       const start = Date.now();
    > 45 |       await page.goto(path);
         |                  ^
      46 |       await page.waitForLoadState('networkidle');
      47 |       const duration = Date.now() - start;
      48 |
        at /home/pactivisme/Documents/Dev/Perso/JobbingTrack/frontend/tests/e2e/performance-e2e.spec.ts:45:18

    attachment #1: video (video/webm) ──────────────────────────────────────────────────────────────
    ../../test-results/performance-e2e-⚡-Performa-4fe23-eurs-charge-en-moins-de-10s-chromium/video.webm
    ────────────────────────────────────────────────────────────────────────────────────────────────

    Retry #1 ───────────────────────────────────────────────────────────────────────────────────────

    Test timeout of 30000ms exceeded.

    Error: page.goto: Test timeout of 30000ms exceeded.
    Call log:
      - navigating to "http://localhost:5003/backoffice/users", waiting until "load"


      43 |     test(`${name} charge en moins de ${MAX_PAGE_LOAD_MS / 1000}s`, async ({ page }) => {
      44 |       const start = Date.now();
    > 45 |       await page.goto(path);
         |                  ^
      46 |       await page.waitForLoadState('networkidle');
      47 |       const duration = Date.now() - start;
      48 |
        at /home/pactivisme/Documents/Dev/Perso/JobbingTrack/frontend/tests/e2e/performance-e2e.spec.ts:45:18

    attachment #1: screenshot (image/png) ──────────────────────────────────────────────────────────
    ../../test-results/performance-e2e-⚡-Performa-4fe23-eurs-charge-en-moins-de-10s-chromium-retry1/test-failed-1.png
    ────────────────────────────────────────────────────────────────────────────────────────────────

    attachment #2: video (video/webm) ──────────────────────────────────────────────────────────────
    ../../test-results/performance-e2e-⚡-Performa-4fe23-eurs-charge-en-moins-de-10s-chromium-retry1/video.webm
    ────────────────────────────────────────────────────────────────────────────────────────────────

    Error Context: ../../test-results/performance-e2e-⚡-Performa-4fe23-eurs-charge-en-moins-de-10s-chromium-retry1/error-context.md

    attachment #4: trace (application/zip) ─────────────────────────────────────────────────────────
    ../../test-results/performance-e2e-⚡-Performa-4fe23-eurs-charge-en-moins-de-10s-chromium-retry1/trace.zip
    Usage:

        npx playwright show-trace ../../test-results/performance-e2e-⚡-Performa-4fe23-eurs-charge-en-moins-de-10s-chromium-retry1/trace.zip

    ────────────────────────────────────────────────────────────────────────────────────────────────

    Retry #2 ───────────────────────────────────────────────────────────────────────────────────────

    Test timeout of 30000ms exceeded.

    Error: page.goto: Test timeout of 30000ms exceeded.
    Call log:
      - navigating to "http://localhost:5003/backoffice/users", waiting until "load"


      43 |     test(`${name} charge en moins de ${MAX_PAGE_LOAD_MS / 1000}s`, async ({ page }) => {
      44 |       const start = Date.now();
    > 45 |       await page.goto(path);
         |                  ^
      46 |       await page.waitForLoadState('networkidle');
      47 |       const duration = Date.now() - start;
      48 |
        at /home/pactivisme/Documents/Dev/Perso/JobbingTrack/frontend/tests/e2e/performance-e2e.spec.ts:45:18

    attachment #1: screenshot (image/png) ──────────────────────────────────────────────────────────
    ../../test-results/performance-e2e-⚡-Performa-4fe23-eurs-charge-en-moins-de-10s-chromium-retry2/test-failed-1.png
    ────────────────────────────────────────────────────────────────────────────────────────────────

    attachment #2: video (video/webm) ──────────────────────────────────────────────────────────────
    ../../test-results/performance-e2e-⚡-Performa-4fe23-eurs-charge-en-moins-de-10s-chromium-retry2/video.webm
    ────────────────────────────────────────────────────────────────────────────────────────────────

    Error Context: ../../test-results/performance-e2e-⚡-Performa-4fe23-eurs-charge-en-moins-de-10s-chromium-retry2/error-context.md
]]>
</failure>
<system-out>
<![CDATA[
[[ATTACHMENT|test-results/performance-e2e-⚡-Performa-4fe23-eurs-charge-en-moins-de-10s-chromium/video.webm]]

[[ATTACHMENT|test-results/performance-e2e-⚡-Performa-4fe23-eurs-charge-en-moins-de-10s-chromium-retry1/test-failed-1.png]]

[[ATTACHMENT|test-results/performance-e2e-⚡-Performa-4fe23-eurs-charge-en-moins-de-10s-chromium-retry1/video.webm]]

[[ATTACHMENT|test-results/performance-e2e-⚡-Performa-4fe23-eurs-charge-en-moins-de-10s-chromium-retry1/error-context.md]]

[[ATTACHMENT|test-results/performance-e2e-⚡-Performa-4fe23-eurs-charge-en-moins-de-10s-chromium-retry1/trace.zip]]

[[ATTACHMENT|test-results/performance-e2e-⚡-Performa-4fe23-eurs-charge-en-moins-de-10s-chromium-retry2/test-failed-1.png]]

[[ATTACHMENT|test-results/performance-e2e-⚡-Performa-4fe23-eurs-charge-en-moins-de-10s-chromium-retry2/video.webm]]

[[ATTACHMENT|test-results/performance-e2e-⚡-Performa-4fe23-eurs-charge-en-moins-de-10s-chromium-retry2/error-context.md]]
]]>
</system-out>
</testcase>
<testcase name="⚡ Performance – Chargement des pages › Sécurité charge en moins de 10s" classname="performance-e2e.spec.ts" time="80.251">
<failure message="performance-e2e.spec.ts:43:9 Sécurité charge en moins de 10s" type="FAILURE">
<![CDATA[  [chromium] › performance-e2e.spec.ts:43:9 › ⚡ Performance – Chargement des pages › Sécurité charge en moins de 10s 

    Error: expect(received).toBeLessThan(expected)

    Expected: < 10000
    Received:   24457

      47 |       const duration = Date.now() - start;
      48 |
    > 49 |       expect(duration).toBeLessThan(MAX_PAGE_LOAD_MS);
         |                        ^
      50 |     });
      51 |   }
      52 | });
        at /home/pactivisme/Documents/Dev/Perso/JobbingTrack/frontend/tests/e2e/performance-e2e.spec.ts:49:24

    attachment #1: screenshot (image/png) ──────────────────────────────────────────────────────────
    ../../test-results/performance-e2e-⚡-Performa-f0778-rité-charge-en-moins-de-10s-chromium/test-failed-1.png
    ────────────────────────────────────────────────────────────────────────────────────────────────

    attachment #2: video (video/webm) ──────────────────────────────────────────────────────────────
    ../../test-results/performance-e2e-⚡-Performa-f0778-rité-charge-en-moins-de-10s-chromium/video.webm
    ────────────────────────────────────────────────────────────────────────────────────────────────

    Error Context: ../../test-results/performance-e2e-⚡-Performa-f0778-rité-charge-en-moins-de-10s-chromium/error-context.md

    Retry #1 ───────────────────────────────────────────────────────────────────────────────────────

    Error: expect(received).toBeLessThan(expected)

    Expected: < 10000
    Received:   23393

      47 |       const duration = Date.now() - start;
      48 |
    > 49 |       expect(duration).toBeLessThan(MAX_PAGE_LOAD_MS);
         |                        ^
      50 |     });
      51 |   }
      52 | });
        at /home/pactivisme/Documents/Dev/Perso/JobbingTrack/frontend/tests/e2e/performance-e2e.spec.ts:49:24

    attachment #1: screenshot (image/png) ──────────────────────────────────────────────────────────
    ../../test-results/performance-e2e-⚡-Performa-f0778-rité-charge-en-moins-de-10s-chromium-retry1/test-failed-1.png
    ────────────────────────────────────────────────────────────────────────────────────────────────

    attachment #2: video (video/webm) ──────────────────────────────────────────────────────────────
    ../../test-results/performance-e2e-⚡-Performa-f0778-rité-charge-en-moins-de-10s-chromium-retry1/video.webm
    ────────────────────────────────────────────────────────────────────────────────────────────────

    Error Context: ../../test-results/performance-e2e-⚡-Performa-f0778-rité-charge-en-moins-de-10s-chromium-retry1/error-context.md

    attachment #4: trace (application/zip) ─────────────────────────────────────────────────────────
    ../../test-results/performance-e2e-⚡-Performa-f0778-rité-charge-en-moins-de-10s-chromium-retry1/trace.zip
    Usage:

        npx playwright show-trace ../../test-results/performance-e2e-⚡-Performa-f0778-rité-charge-en-moins-de-10s-chromium-retry1/trace.zip

    ────────────────────────────────────────────────────────────────────────────────────────────────

    Retry #2 ───────────────────────────────────────────────────────────────────────────────────────

    Test timeout of 30000ms exceeded.

    Error: page.goto: Test timeout of 30000ms exceeded.
    Call log:
      - navigating to "http://localhost:5003/backoffice/security/analysis", waiting until "load"


      43 |     test(`${name} charge en moins de ${MAX_PAGE_LOAD_MS / 1000}s`, async ({ page }) => {
      44 |       const start = Date.now();
    > 45 |       await page.goto(path);
         |                  ^
      46 |       await page.waitForLoadState('networkidle');
      47 |       const duration = Date.now() - start;
      48 |
        at /home/pactivisme/Documents/Dev/Perso/JobbingTrack/frontend/tests/e2e/performance-e2e.spec.ts:45:18

    attachment #1: screenshot (image/png) ──────────────────────────────────────────────────────────
    ../../test-results/performance-e2e-⚡-Performa-f0778-rité-charge-en-moins-de-10s-chromium-retry2/test-failed-1.png
    ────────────────────────────────────────────────────────────────────────────────────────────────

    attachment #2: video (video/webm) ──────────────────────────────────────────────────────────────
    ../../test-results/performance-e2e-⚡-Performa-f0778-rité-charge-en-moins-de-10s-chromium-retry2/video.webm
    ────────────────────────────────────────────────────────────────────────────────────────────────

    Error Context: ../../test-results/performance-e2e-⚡-Performa-f0778-rité-charge-en-moins-de-10s-chromium-retry2/error-context.md
]]>
</failure>
<system-out>
<![CDATA[
[[ATTACHMENT|test-results/performance-e2e-⚡-Performa-f0778-rité-charge-en-moins-de-10s-chromium/test-failed-1.png]]

[[ATTACHMENT|test-results/performance-e2e-⚡-Performa-f0778-rité-charge-en-moins-de-10s-chromium/video.webm]]

[[ATTACHMENT|test-results/performance-e2e-⚡-Performa-f0778-rité-charge-en-moins-de-10s-chromium/error-context.md]]

[[ATTACHMENT|test-results/performance-e2e-⚡-Performa-f0778-rité-charge-en-moins-de-10s-chromium-retry1/test-failed-1.png]]

[[ATTACHMENT|test-results/performance-e2e-⚡-Performa-f0778-rité-charge-en-moins-de-10s-chromium-retry1/video.webm]]

[[ATTACHMENT|test-results/performance-e2e-⚡-Performa-f0778-rité-charge-en-moins-de-10s-chromium-retry1/error-context.md]]

[[ATTACHMENT|test-results/performance-e2e-⚡-Performa-f0778-rité-charge-en-moins-de-10s-chromium-retry1/trace.zip]]

[[ATTACHMENT|test-results/performance-e2e-⚡-Performa-f0778-rité-charge-en-moins-de-10s-chromium-retry2/test-failed-1.png]]

[[ATTACHMENT|test-results/performance-e2e-⚡-Performa-f0778-rité-charge-en-moins-de-10s-chromium-retry2/video.webm]]

[[ATTACHMENT|test-results/performance-e2e-⚡-Performa-f0778-rité-charge-en-moins-de-10s-chromium-retry2/error-context.md]]
]]>
</system-out>
</testcase>
<testcase name="⚡ Performance – Réponse API › API Health Check répond en moins de 5s" classname="performance-e2e.spec.ts" time="46.459">
<system-out>
<![CDATA[
[[ATTACHMENT|test-results/performance-e2e-⚡-Performa-a5610-Check-répond-en-moins-de-5s-chromium/test-failed-1.png]]

[[ATTACHMENT|test-results/performance-e2e-⚡-Performa-a5610-Check-répond-en-moins-de-5s-chromium/video.webm]]

[[ATTACHMENT|test-results/performance-e2e-⚡-Performa-a5610-Check-répond-en-moins-de-5s-chromium/error-context.md]]

[[ATTACHMENT|test-results/performance-e2e-⚡-Performa-a5610-Check-répond-en-moins-de-5s-chromium-retry1/trace.zip]]
]]>
</system-out>
</testcase>
<testcase name="⚡ Performance – Réponse API › API Companies répond en moins de 5s" classname="performance-e2e.spec.ts" time="19.053">
</testcase>
<testcase name="⚡ Performance – Réponse API › API Contacts répond en moins de 5s" classname="performance-e2e.spec.ts" time="26.144">
</testcase>
<testcase name="⚡ Performance – Réponse API › API Auth Profile répond en moins de 5s" classname="performance-e2e.spec.ts" time="25.234">
</testcase>
<testcase name="⚡ Performance – Requêtes multiples › 10 requêtes consécutives au même endpoint restent stables" classname="performance-e2e.spec.ts" time="89.436">
<system-out>
<![CDATA[
[[ATTACHMENT|test-results/performance-e2e-⚡-Performa-6c668-me-endpoint-restent-stables-chromium/video.webm]]

[[ATTACHMENT|test-results/performance-e2e-⚡-Performa-6c668-me-endpoint-restent-stables-chromium-retry1/test-failed-1.png]]

[[ATTACHMENT|test-results/performance-e2e-⚡-Performa-6c668-me-endpoint-restent-stables-chromium-retry1/video.webm]]

[[ATTACHMENT|test-results/performance-e2e-⚡-Performa-6c668-me-endpoint-restent-stables-chromium-retry1/error-context.md]]

[[ATTACHMENT|test-results/performance-e2e-⚡-Performa-6c668-me-endpoint-restent-stables-chromium-retry1/trace.zip]]
]]>
</system-out>
</testcase>
<testcase name="⚡ Performance – Requêtes multiples › 5 requêtes parallèles répondent toutes correctement" classname="performance-e2e.spec.ts" time="28.204">
</testcase>
<testcase name="⚡ Performance – Navigation rapide › navigation entre 5 pages consécutives est fluide" classname="performance-e2e.spec.ts" time="102.61">
<failure message="performance-e2e.spec.ts:143:7 navigation entre 5 pages consécutives est fluide" type="FAILURE">
<![CDATA[  [chromium] › performance-e2e.spec.ts:143:7 › ⚡ Performance – Navigation rapide › navigation entre 5 pages consécutives est fluide 

    Test timeout of 30000ms exceeded.

    Error: page.goto: net::ERR_ABORTED; maybe frame was detached?
    Call log:
      - navigating to "http://localhost:5003/backoffice/contacts", waiting until "load"


      153 |
      154 |     for (const p of pages) {
    > 155 |       await page.goto(p);
          |                  ^
      156 |       await page.waitForLoadState('domcontentloaded');
      157 |       const bodyLen = await page.locator('body').textContent().then(t => t?.length ?? 0);
      158 |       expect(bodyLen).toBeGreaterThan(50);
        at /home/pactivisme/Documents/Dev/Perso/JobbingTrack/frontend/tests/e2e/performance-e2e.spec.ts:155:18

    attachment #1: video (video/webm) ──────────────────────────────────────────────────────────────
    ../../test-results/performance-e2e-⚡-Performa-61cb7-ges-consécutives-est-fluide-chromium/video.webm
    ────────────────────────────────────────────────────────────────────────────────────────────────

    Retry #1 ───────────────────────────────────────────────────────────────────────────────────────

    Test timeout of 30000ms exceeded.

    Error: page.goto: Test timeout of 30000ms exceeded.
    Call log:
      - navigating to "http://localhost:5003/backoffice/companies", waiting until "load"


      153 |
      154 |     for (const p of pages) {
    > 155 |       await page.goto(p);
          |                  ^
      156 |       await page.waitForLoadState('domcontentloaded');
      157 |       const bodyLen = await page.locator('body').textContent().then(t => t?.length ?? 0);
      158 |       expect(bodyLen).toBeGreaterThan(50);
        at /home/pactivisme/Documents/Dev/Perso/JobbingTrack/frontend/tests/e2e/performance-e2e.spec.ts:155:18

    attachment #1: screenshot (image/png) ──────────────────────────────────────────────────────────
    ../../test-results/performance-e2e-⚡-Performa-61cb7-ges-consécutives-est-fluide-chromium-retry1/test-failed-1.png
    ────────────────────────────────────────────────────────────────────────────────────────────────

    attachment #2: video (video/webm) ──────────────────────────────────────────────────────────────
    ../../test-results/performance-e2e-⚡-Performa-61cb7-ges-consécutives-est-fluide-chromium-retry1/video.webm
    ────────────────────────────────────────────────────────────────────────────────────────────────

    Error Context: ../../test-results/performance-e2e-⚡-Performa-61cb7-ges-consécutives-est-fluide-chromium-retry1/error-context.md

    attachment #4: trace (application/zip) ─────────────────────────────────────────────────────────
    ../../test-results/performance-e2e-⚡-Performa-61cb7-ges-consécutives-est-fluide-chromium-retry1/trace.zip
    Usage:

        npx playwright show-trace ../../test-results/performance-e2e-⚡-Performa-61cb7-ges-consécutives-est-fluide-chromium-retry1/trace.zip

    ────────────────────────────────────────────────────────────────────────────────────────────────

    Retry #2 ───────────────────────────────────────────────────────────────────────────────────────

    Test timeout of 30000ms exceeded.

    Error: page.goto: Test timeout of 30000ms exceeded.
    Call log:
      - navigating to "http://localhost:5003/backoffice/contacts", waiting until "load"


      153 |
      154 |     for (const p of pages) {
    > 155 |       await page.goto(p);
          |                  ^
      156 |       await page.waitForLoadState('domcontentloaded');
      157 |       const bodyLen = await page.locator('body').textContent().then(t => t?.length ?? 0);
      158 |       expect(bodyLen).toBeGreaterThan(50);
        at /home/pactivisme/Documents/Dev/Perso/JobbingTrack/frontend/tests/e2e/performance-e2e.spec.ts:155:18

    attachment #1: screenshot (image/png) ──────────────────────────────────────────────────────────
    ../../test-results/performance-e2e-⚡-Performa-61cb7-ges-consécutives-est-fluide-chromium-retry2/test-failed-1.png
    ────────────────────────────────────────────────────────────────────────────────────────────────

    attachment #2: video (video/webm) ──────────────────────────────────────────────────────────────
    ../../test-results/performance-e2e-⚡-Performa-61cb7-ges-consécutives-est-fluide-chromium-retry2/video.webm
    ────────────────────────────────────────────────────────────────────────────────────────────────

    Error Context: ../../test-results/performance-e2e-⚡-Performa-61cb7-ges-consécutives-est-fluide-chromium-retry2/error-context.md
]]>
</failure>
<system-out>
<![CDATA[
[[ATTACHMENT|test-results/performance-e2e-⚡-Performa-61cb7-ges-consécutives-est-fluide-chromium/video.webm]]

[[ATTACHMENT|test-results/performance-e2e-⚡-Performa-61cb7-ges-consécutives-est-fluide-chromium-retry1/test-failed-1.png]]

[[ATTACHMENT|test-results/performance-e2e-⚡-Performa-61cb7-ges-consécutives-est-fluide-chromium-retry1/video.webm]]

[[ATTACHMENT|test-results/performance-e2e-⚡-Performa-61cb7-ges-consécutives-est-fluide-chromium-retry1/error-context.md]]

[[ATTACHMENT|test-results/performance-e2e-⚡-Performa-61cb7-ges-consécutives-est-fluide-chromium-retry1/trace.zip]]

[[ATTACHMENT|test-results/performance-e2e-⚡-Performa-61cb7-ges-consécutives-est-fluide-chromium-retry2/test-failed-1.png]]

[[ATTACHMENT|test-results/performance-e2e-⚡-Performa-61cb7-ges-consécutives-est-fluide-chromium-retry2/video.webm]]

[[ATTACHMENT|test-results/performance-e2e-⚡-Performa-61cb7-ges-consécutives-est-fluide-chromium-retry2/error-context.md]]
]]>
</system-out>
</testcase>
<testcase name="⚡ Performance – DOM › le dashboard n&apos;a pas un DOM excessivement grand" classname="performance-e2e.spec.ts" time="19.505">
</testcase>
<testcase name="⚡ Performance – DOM › la page entreprises n&apos;a pas un DOM excessivement grand" classname="performance-e2e.spec.ts" time="41.304">
<system-out>
<![CDATA[
[[ATTACHMENT|test-results/performance-e2e-⚡-Performa-cc105--un-DOM-excessivement-grand-chromium/test-failed-1.png]]

[[ATTACHMENT|test-results/performance-e2e-⚡-Performa-cc105--un-DOM-excessivement-grand-chromium/video.webm]]

[[ATTACHMENT|test-results/performance-e2e-⚡-Performa-cc105--un-DOM-excessivement-grand-chromium/error-context.md]]

[[ATTACHMENT|test-results/performance-e2e-⚡-Performa-cc105--un-DOM-excessivement-grand-chromium-retry1/trace.zip]]
]]>
</system-out>
</testcase>
<testcase name="⚡ Performance – Mémoire › pas de fuite mémoire évidente après navigation" classname="performance-e2e.spec.ts" time="110.282">
<failure message="performance-e2e.spec.ts:191:7 pas de fuite mémoire évidente après navigation" type="FAILURE">
<![CDATA[  [chromium] › performance-e2e.spec.ts:191:7 › ⚡ Performance – Mémoire › pas de fuite mémoire évidente après navigation 

    Test timeout of 30000ms exceeded.

    Error: page.goto: net::ERR_ABORTED; maybe frame was detached?
    Call log:
      - navigating to "http://localhost:5003/backoffice/companies", waiting until "load"


      198 |
      199 |     for (let i = 0; i < 5; i++) {
    > 200 |       await page.goto('/backoffice/companies');
          |                  ^
      201 |       await page.waitForLoadState('networkidle');
      202 |       await page.goto('/backoffice/contacts');
      203 |       await page.waitForLoadState('networkidle');
        at /home/pactivisme/Documents/Dev/Perso/JobbingTrack/frontend/tests/e2e/performance-e2e.spec.ts:200:18

    attachment #1: video (video/webm) ──────────────────────────────────────────────────────────────
    ../../test-results/performance-e2e-⚡-Performa-79f3d-e-évidente-après-navigation-chromium/video.webm
    ────────────────────────────────────────────────────────────────────────────────────────────────

    Retry #1 ───────────────────────────────────────────────────────────────────────────────────────

    Test timeout of 30000ms exceeded.

    Error: page.waitForLoadState: Test timeout of 30000ms exceeded.

      191 |   test('pas de fuite mémoire évidente après navigation', async ({ page }) => {
      192 |     await page.goto('/backoffice');
    > 193 |     await page.waitForLoadState('networkidle');
          |                ^
      194 |
      195 |     const memBefore = await page.evaluate(
      196 |       () => (performance as any).memory?.usedJSHeapSize ?? 0,
        at /home/pactivisme/Documents/Dev/Perso/JobbingTrack/frontend/tests/e2e/performance-e2e.spec.ts:193:16

    attachment #1: screenshot (image/png) ──────────────────────────────────────────────────────────
    ../../test-results/performance-e2e-⚡-Performa-79f3d-e-évidente-après-navigation-chromium-retry1/test-failed-1.png
    ────────────────────────────────────────────────────────────────────────────────────────────────

    attachment #2: video (video/webm) ──────────────────────────────────────────────────────────────
    ../../test-results/performance-e2e-⚡-Performa-79f3d-e-évidente-après-navigation-chromium-retry1/video.webm
    ────────────────────────────────────────────────────────────────────────────────────────────────

    Error Context: ../../test-results/performance-e2e-⚡-Performa-79f3d-e-évidente-après-navigation-chromium-retry1/error-context.md

    attachment #4: trace (application/zip) ─────────────────────────────────────────────────────────
    ../../test-results/performance-e2e-⚡-Performa-79f3d-e-évidente-après-navigation-chromium-retry1/trace.zip
    Usage:

        npx playwright show-trace ../../test-results/performance-e2e-⚡-Performa-79f3d-e-évidente-après-navigation-chromium-retry1/trace.zip

    ────────────────────────────────────────────────────────────────────────────────────────────────

    Retry #2 ───────────────────────────────────────────────────────────────────────────────────────

    Test timeout of 30000ms exceeded.

    Error: page.goto: net::ERR_ABORTED; maybe frame was detached?
    Call log:
      - navigating to "http://localhost:5003/backoffice/companies", waiting until "load"


      198 |
      199 |     for (let i = 0; i < 5; i++) {
    > 200 |       await page.goto('/backoffice/companies');
          |                  ^
      201 |       await page.waitForLoadState('networkidle');
      202 |       await page.goto('/backoffice/contacts');
      203 |       await page.waitForLoadState('networkidle');
        at /home/pactivisme/Documents/Dev/Perso/JobbingTrack/frontend/tests/e2e/performance-e2e.spec.ts:200:18

    attachment #1: video (video/webm) ──────────────────────────────────────────────────────────────
    ../../test-results/performance-e2e-⚡-Performa-79f3d-e-évidente-après-navigation-chromium-retry2/video.webm
    ────────────────────────────────────────────────────────────────────────────────────────────────
]]>
</failure>
<system-out>
<![CDATA[
[[ATTACHMENT|test-results/performance-e2e-⚡-Performa-79f3d-e-évidente-après-navigation-chromium/video.webm]]

[[ATTACHMENT|test-results/performance-e2e-⚡-Performa-79f3d-e-évidente-après-navigation-chromium-retry1/test-failed-1.png]]

[[ATTACHMENT|test-results/performance-e2e-⚡-Performa-79f3d-e-évidente-après-navigation-chromium-retry1/video.webm]]

[[ATTACHMENT|test-results/performance-e2e-⚡-Performa-79f3d-e-évidente-après-navigation-chromium-retry1/error-context.md]]

[[ATTACHMENT|test-results/performance-e2e-⚡-Performa-79f3d-e-évidente-après-navigation-chromium-retry1/trace.zip]]

[[ATTACHMENT|test-results/performance-e2e-⚡-Performa-79f3d-e-évidente-après-navigation-chromium-retry2/video.webm]]
]]>
</system-out>
</testcase>
</testsuite>
<testsuite name="security-e2e.spec.ts" timestamp="2026-02-25T20:58:36.194Z" hostname="chromium" tests="15" failures="6" skipped="0" time="1125.675" errors="0">
<testcase name="🛡️ Sécurité – Protection XSS › injection XSS dans le champ recherche entreprises est neutralisée" classname="security-e2e.spec.ts" time="113.543">
<failure message="security-e2e.spec.ts:49:7 injection XSS dans le champ recherche entreprises est neutralisée" type="FAILURE">
<![CDATA[  [chromium] › security-e2e.spec.ts:49:7 › 🛡️ Sécurité – Protection XSS › injection XSS dans le champ recherche entreprises est neutralisée 

    Test timeout of 30000ms exceeded.

    Error: page.goto: Test timeout of 30000ms exceeded.
    Call log:
      - navigating to "http://localhost:5003/backoffice/companies", waiting until "load"


      48 | test.describe('🛡️ Sécurité – Protection XSS', () => {
      49 |   test('injection XSS dans le champ recherche entreprises est neutralisée', async ({ page }) => {
    > 50 |     await page.goto('/backoffice/companies');
         |                ^
      51 |     await page.waitForLoadState('networkidle');
      52 |
      53 |     const searchInput = page.getByPlaceholder(/rechercher/i);
        at /home/pactivisme/Documents/Dev/Perso/JobbingTrack/frontend/tests/e2e/security-e2e.spec.ts:50:16

    attachment #1: video (video/webm) ──────────────────────────────────────────────────────────────
    ../../test-results/security-e2e-🛡️-Sécurité--cd7a4-entreprises-est-neutralisée-chromium/video.webm
    ────────────────────────────────────────────────────────────────────────────────────────────────

    Error Context: ../../test-results/security-e2e-🛡️-Sécurité--cd7a4-entreprises-est-neutralisée-chromium/error-context.md

    Retry #1 ───────────────────────────────────────────────────────────────────────────────────────

    Test timeout of 30000ms exceeded.

    Error: page.goto: net::ERR_ABORTED; maybe frame was detached?
    Call log:
      - navigating to "http://localhost:5003/backoffice/companies", waiting until "load"


      48 | test.describe('🛡️ Sécurité – Protection XSS', () => {
      49 |   test('injection XSS dans le champ recherche entreprises est neutralisée', async ({ page }) => {
    > 50 |     await page.goto('/backoffice/companies');
         |                ^
      51 |     await page.waitForLoadState('networkidle');
      52 |
      53 |     const searchInput = page.getByPlaceholder(/rechercher/i);
        at /home/pactivisme/Documents/Dev/Perso/JobbingTrack/frontend/tests/e2e/security-e2e.spec.ts:50:16

    attachment #1: video (video/webm) ──────────────────────────────────────────────────────────────
    ../../test-results/security-e2e-🛡️-Sécurité--cd7a4-entreprises-est-neutralisée-chromium-retry1/video.webm
    ────────────────────────────────────────────────────────────────────────────────────────────────

    attachment #2: trace (application/zip) ─────────────────────────────────────────────────────────
    ../../test-results/security-e2e-🛡️-Sécurité--cd7a4-entreprises-est-neutralisée-chromium-retry1/trace.zip
    Usage:

        npx playwright show-trace ../../test-results/security-e2e-🛡️-Sécurité--cd7a4-entreprises-est-neutralisée-chromium-retry1/trace.zip

    ────────────────────────────────────────────────────────────────────────────────────────────────

    Retry #2 ───────────────────────────────────────────────────────────────────────────────────────

    Test timeout of 30000ms exceeded.

    Error: page.goto: Test timeout of 30000ms exceeded.
    Call log:
      - navigating to "http://localhost:5003/backoffice/companies", waiting until "load"


      48 | test.describe('🛡️ Sécurité – Protection XSS', () => {
      49 |   test('injection XSS dans le champ recherche entreprises est neutralisée', async ({ page }) => {
    > 50 |     await page.goto('/backoffice/companies');
         |                ^
      51 |     await page.waitForLoadState('networkidle');
      52 |
      53 |     const searchInput = page.getByPlaceholder(/rechercher/i);
        at /home/pactivisme/Documents/Dev/Perso/JobbingTrack/frontend/tests/e2e/security-e2e.spec.ts:50:16

    attachment #1: screenshot (image/png) ──────────────────────────────────────────────────────────
    ../../test-results/security-e2e-🛡️-Sécurité--cd7a4-entreprises-est-neutralisée-chromium-retry2/test-failed-1.png
    ────────────────────────────────────────────────────────────────────────────────────────────────

    attachment #2: video (video/webm) ──────────────────────────────────────────────────────────────
    ../../test-results/security-e2e-🛡️-Sécurité--cd7a4-entreprises-est-neutralisée-chromium-retry2/video.webm
    ────────────────────────────────────────────────────────────────────────────────────────────────

    Error Context: ../../test-results/security-e2e-🛡️-Sécurité--cd7a4-entreprises-est-neutralisée-chromium-retry2/error-context.md
]]>
</failure>
<system-out>
<![CDATA[
[[ATTACHMENT|test-results/security-e2e-🛡️-Sécurité--cd7a4-entreprises-est-neutralisée-chromium/video.webm]]

[[ATTACHMENT|test-results/security-e2e-🛡️-Sécurité--cd7a4-entreprises-est-neutralisée-chromium/error-context.md]]

[[ATTACHMENT|test-results/security-e2e-🛡️-Sécurité--cd7a4-entreprises-est-neutralisée-chromium-retry1/video.webm]]

[[ATTACHMENT|test-results/security-e2e-🛡️-Sécurité--cd7a4-entreprises-est-neutralisée-chromium-retry1/trace.zip]]

[[ATTACHMENT|test-results/security-e2e-🛡️-Sécurité--cd7a4-entreprises-est-neutralisée-chromium-retry2/test-failed-1.png]]

[[ATTACHMENT|test-results/security-e2e-🛡️-Sécurité--cd7a4-entreprises-est-neutralisée-chromium-retry2/video.webm]]

[[ATTACHMENT|test-results/security-e2e-🛡️-Sécurité--cd7a4-entreprises-est-neutralisée-chromium-retry2/error-context.md]]
]]>
</system-out>
</testcase>
<testcase name="🛡️ Sécurité – Protection XSS › injection XSS dans la recherche globale est neutralisée" classname="security-e2e.spec.ts" time="122.706">
<failure message="security-e2e.spec.ts:67:7 injection XSS dans la recherche globale est neutralisée" type="FAILURE">
<![CDATA[  [chromium] › security-e2e.spec.ts:67:7 › 🛡️ Sécurité – Protection XSS › injection XSS dans la recherche globale est neutralisée 

    Test timeout of 30000ms exceeded.

    Error: page.goto: net::ERR_ABORTED; maybe frame was detached?
    Call log:
      - navigating to "http://localhost:5003/backoffice/search", waiting until "load"


      66 |
      67 |   test('injection XSS dans la recherche globale est neutralisée', async ({ page }) => {
    > 68 |     await page.goto('/backoffice/search');
         |                ^
      69 |     await page.waitForLoadState('networkidle');
      70 |
      71 |     const searchInput = page.locator('input[type="text"], input[type="search"]').first();
        at /home/pactivisme/Documents/Dev/Perso/JobbingTrack/frontend/tests/e2e/security-e2e.spec.ts:68:16

    attachment #1: video (video/webm) ──────────────────────────────────────────────────────────────
    ../../test-results/security-e2e-🛡️-Sécurité--5bca8-che-globale-est-neutralisée-chromium/video.webm
    ────────────────────────────────────────────────────────────────────────────────────────────────

    Retry #1 ───────────────────────────────────────────────────────────────────────────────────────

    Test timeout of 30000ms exceeded.

    Error: page.goto: net::ERR_ABORTED; maybe frame was detached?
    Call log:
      - navigating to "http://localhost:5003/backoffice/search", waiting until "load"


      66 |
      67 |   test('injection XSS dans la recherche globale est neutralisée', async ({ page }) => {
    > 68 |     await page.goto('/backoffice/search');
         |                ^
      69 |     await page.waitForLoadState('networkidle');
      70 |
      71 |     const searchInput = page.locator('input[type="text"], input[type="search"]').first();
        at /home/pactivisme/Documents/Dev/Perso/JobbingTrack/frontend/tests/e2e/security-e2e.spec.ts:68:16

    attachment #1: video (video/webm) ──────────────────────────────────────────────────────────────
    ../../test-results/security-e2e-🛡️-Sécurité--5bca8-che-globale-est-neutralisée-chromium-retry1/video.webm
    ────────────────────────────────────────────────────────────────────────────────────────────────

    attachment #2: trace (application/zip) ─────────────────────────────────────────────────────────
    ../../test-results/security-e2e-🛡️-Sécurité--5bca8-che-globale-est-neutralisée-chromium-retry1/trace.zip
    Usage:

        npx playwright show-trace ../../test-results/security-e2e-🛡️-Sécurité--5bca8-che-globale-est-neutralisée-chromium-retry1/trace.zip

    ────────────────────────────────────────────────────────────────────────────────────────────────

    Retry #2 ───────────────────────────────────────────────────────────────────────────────────────

    Test timeout of 30000ms exceeded while running "beforeEach" hook.

      38 | }
      39 |
    > 40 | test.beforeEach(async ({ page }) => {
         |      ^
      41 |   await page.goto('/backoffice');
      42 |   await page.waitForLoadState('networkidle');
      43 | });
        at /home/pactivisme/Documents/Dev/Perso/JobbingTrack/frontend/tests/e2e/security-e2e.spec.ts:40:6

    Error: page.goto: net::ERR_ABORTED; maybe frame was detached?
    Call log:
      - navigating to "http://localhost:5003/backoffice", waiting until "load"


      39 |
      40 | test.beforeEach(async ({ page }) => {
    > 41 |   await page.goto('/backoffice');
         |              ^
      42 |   await page.waitForLoadState('networkidle');
      43 | });
      44 |
        at /home/pactivisme/Documents/Dev/Perso/JobbingTrack/frontend/tests/e2e/security-e2e.spec.ts:41:14

    attachment #1: video (video/webm) ──────────────────────────────────────────────────────────────
    ../../test-results/security-e2e-🛡️-Sécurité--5bca8-che-globale-est-neutralisée-chromium-retry2/video.webm
    ────────────────────────────────────────────────────────────────────────────────────────────────
]]>
</failure>
<system-out>
<![CDATA[
[[ATTACHMENT|test-results/security-e2e-🛡️-Sécurité--5bca8-che-globale-est-neutralisée-chromium/video.webm]]

[[ATTACHMENT|test-results/security-e2e-🛡️-Sécurité--5bca8-che-globale-est-neutralisée-chromium-retry1/video.webm]]

[[ATTACHMENT|test-results/security-e2e-🛡️-Sécurité--5bca8-che-globale-est-neutralisée-chromium-retry1/trace.zip]]

[[ATTACHMENT|test-results/security-e2e-🛡️-Sécurité--5bca8-che-globale-est-neutralisée-chromium-retry2/video.webm]]
]]>
</system-out>
</testcase>
<testcase name="🛡️ Sécurité – Protection XSS › injection XSS via API est rejetée ou nettoyée" classname="security-e2e.spec.ts" time="70.002">
<failure message="security-e2e.spec.ts:81:7 injection XSS via API est rejetée ou nettoyée" type="FAILURE">
<![CDATA[  [chromium] › security-e2e.spec.ts:81:7 › 🛡️ Sécurité – Protection XSS › injection XSS via API est rejetée ou nettoyée 

    Error: expect(received).not.toContain(expected) // indexOf

    Expected substring: not "<script>"
    Received string:        "<script>alert(\"XSS\")</script>"

      88 |       const data = res.data as any;
      89 |       const returnedName = data?.name || data?.company?.name || '';
    > 90 |       expect(returnedName).not.toContain('<script>');
         |                                ^
      91 |
      92 |       const id = data?.id || data?._id || data?.company?.id || data?.company?._id;
      93 |       if (id) {
        at /home/pactivisme/Documents/Dev/Perso/JobbingTrack/frontend/tests/e2e/security-e2e.spec.ts:90:32

    attachment #1: screenshot (image/png) ──────────────────────────────────────────────────────────
    ../../test-results/security-e2e-🛡️-Sécurité--2afb1-API-est-rejetée-ou-nettoyée-chromium/test-failed-1.png
    ────────────────────────────────────────────────────────────────────────────────────────────────

    attachment #2: video (video/webm) ──────────────────────────────────────────────────────────────
    ../../test-results/security-e2e-🛡️-Sécurité--2afb1-API-est-rejetée-ou-nettoyée-chromium/video.webm
    ────────────────────────────────────────────────────────────────────────────────────────────────

    Error Context: ../../test-results/security-e2e-🛡️-Sécurité--2afb1-API-est-rejetée-ou-nettoyée-chromium/error-context.md

    Retry #1 ───────────────────────────────────────────────────────────────────────────────────────

    Error: expect(received).not.toContain(expected) // indexOf

    Expected substring: not "<script>"
    Received string:        "<script>alert(\"XSS\")</script>"

      88 |       const data = res.data as any;
      89 |       const returnedName = data?.name || data?.company?.name || '';
    > 90 |       expect(returnedName).not.toContain('<script>');
         |                                ^
      91 |
      92 |       const id = data?.id || data?._id || data?.company?.id || data?.company?._id;
      93 |       if (id) {
        at /home/pactivisme/Documents/Dev/Perso/JobbingTrack/frontend/tests/e2e/security-e2e.spec.ts:90:32

    attachment #1: screenshot (image/png) ──────────────────────────────────────────────────────────
    ../../test-results/security-e2e-🛡️-Sécurité--2afb1-API-est-rejetée-ou-nettoyée-chromium-retry1/test-failed-1.png
    ────────────────────────────────────────────────────────────────────────────────────────────────

    attachment #2: video (video/webm) ──────────────────────────────────────────────────────────────
    ../../test-results/security-e2e-🛡️-Sécurité--2afb1-API-est-rejetée-ou-nettoyée-chromium-retry1/video.webm
    ────────────────────────────────────────────────────────────────────────────────────────────────

    Error Context: ../../test-results/security-e2e-🛡️-Sécurité--2afb1-API-est-rejetée-ou-nettoyée-chromium-retry1/error-context.md

    attachment #4: trace (application/zip) ─────────────────────────────────────────────────────────
    ../../test-results/security-e2e-🛡️-Sécurité--2afb1-API-est-rejetée-ou-nettoyée-chromium-retry1/trace.zip
    Usage:

        npx playwright show-trace ../../test-results/security-e2e-🛡️-Sécurité--2afb1-API-est-rejetée-ou-nettoyée-chromium-retry1/trace.zip

    ────────────────────────────────────────────────────────────────────────────────────────────────

    Retry #2 ───────────────────────────────────────────────────────────────────────────────────────

    Error: expect(received).not.toContain(expected) // indexOf

    Expected substring: not "<script>"
    Received string:        "<script>alert(\"XSS\")</script>"

      88 |       const data = res.data as any;
      89 |       const returnedName = data?.name || data?.company?.name || '';
    > 90 |       expect(returnedName).not.toContain('<script>');
         |                                ^
      91 |
      92 |       const id = data?.id || data?._id || data?.company?.id || data?.company?._id;
      93 |       if (id) {
        at /home/pactivisme/Documents/Dev/Perso/JobbingTrack/frontend/tests/e2e/security-e2e.spec.ts:90:32

    attachment #1: screenshot (image/png) ──────────────────────────────────────────────────────────
    ../../test-results/security-e2e-🛡️-Sécurité--2afb1-API-est-rejetée-ou-nettoyée-chromium-retry2/test-failed-1.png
    ────────────────────────────────────────────────────────────────────────────────────────────────

    attachment #2: video (video/webm) ──────────────────────────────────────────────────────────────
    ../../test-results/security-e2e-🛡️-Sécurité--2afb1-API-est-rejetée-ou-nettoyée-chromium-retry2/video.webm
    ────────────────────────────────────────────────────────────────────────────────────────────────

    Error Context: ../../test-results/security-e2e-🛡️-Sécurité--2afb1-API-est-rejetée-ou-nettoyée-chromium-retry2/error-context.md
]]>
</failure>
<system-out>
<![CDATA[
[[ATTACHMENT|test-results/security-e2e-🛡️-Sécurité--2afb1-API-est-rejetée-ou-nettoyée-chromium/test-failed-1.png]]

[[ATTACHMENT|test-results/security-e2e-🛡️-Sécurité--2afb1-API-est-rejetée-ou-nettoyée-chromium/video.webm]]

[[ATTACHMENT|test-results/security-e2e-🛡️-Sécurité--2afb1-API-est-rejetée-ou-nettoyée-chromium/error-context.md]]

[[ATTACHMENT|test-results/security-e2e-🛡️-Sécurité--2afb1-API-est-rejetée-ou-nettoyée-chromium-retry1/test-failed-1.png]]

[[ATTACHMENT|test-results/security-e2e-🛡️-Sécurité--2afb1-API-est-rejetée-ou-nettoyée-chromium-retry1/video.webm]]

[[ATTACHMENT|test-results/security-e2e-🛡️-Sécurité--2afb1-API-est-rejetée-ou-nettoyée-chromium-retry1/error-context.md]]

[[ATTACHMENT|test-results/security-e2e-🛡️-Sécurité--2afb1-API-est-rejetée-ou-nettoyée-chromium-retry1/trace.zip]]

[[ATTACHMENT|test-results/security-e2e-🛡️-Sécurité--2afb1-API-est-rejetée-ou-nettoyée-chromium-retry2/test-failed-1.png]]

[[ATTACHMENT|test-results/security-e2e-🛡️-Sécurité--2afb1-API-est-rejetée-ou-nettoyée-chromium-retry2/video.webm]]

[[ATTACHMENT|test-results/security-e2e-🛡️-Sécurité--2afb1-API-est-rejetée-ou-nettoyée-chromium-retry2/error-context.md]]
]]>
</system-out>
</testcase>
<testcase name="🛡️ Sécurité – Protection SQL Injection › injection SQL dans le login ne fonctionne pas" classname="security-e2e.spec.ts" time="45.321">
<system-out>
<![CDATA[
[[ATTACHMENT|test-results/security-e2e-🛡️-Sécurité--08aaf--le-login-ne-fonctionne-pas-chromium/test-failed-1.png]]

[[ATTACHMENT|test-results/security-e2e-🛡️-Sécurité--08aaf--le-login-ne-fonctionne-pas-chromium/video.webm]]

[[ATTACHMENT|test-results/security-e2e-🛡️-Sécurité--08aaf--le-login-ne-fonctionne-pas-chromium/error-context.md]]

[[ATTACHMENT|test-results/security-e2e-🛡️-Sécurité--08aaf--le-login-ne-fonctionne-pas-chromium-retry1/trace.zip]]
]]>
</system-out>
</testcase>
<testcase name="🛡️ Sécurité – Protection SQL Injection › injection SQL dans la recherche ne fonctionne pas" classname="security-e2e.spec.ts" time="51.648">
<system-out>
<![CDATA[
[[ATTACHMENT|test-results/security-e2e-🛡️-Sécurité--ab02c-recherche-ne-fonctionne-pas-chromium/test-failed-1.png]]

[[ATTACHMENT|test-results/security-e2e-🛡️-Sécurité--ab02c-recherche-ne-fonctionne-pas-chromium/video.webm]]

[[ATTACHMENT|test-results/security-e2e-🛡️-Sécurité--ab02c-recherche-ne-fonctionne-pas-chromium/error-context.md]]

[[ATTACHMENT|test-results/security-e2e-🛡️-Sécurité--ab02c-recherche-ne-fonctionne-pas-chromium-retry1/trace.zip]]
]]>
</system-out>
</testcase>
<testcase name="🛡️ Sécurité – Protection SQL Injection › injection NoSQL dans la recherche ne fonctionne pas" classname="security-e2e.spec.ts" time="100.382">
<failure message="security-e2e.spec.ts:122:7 injection NoSQL dans la recherche ne fonctionne pas" type="FAILURE">
<![CDATA[  [chromium] › security-e2e.spec.ts:122:7 › 🛡️ Sécurité – Protection SQL Injection › injection NoSQL dans la recherche ne fonctionne pas 

    Test timeout of 30000ms exceeded while running "beforeEach" hook.

      38 | }
      39 |
    > 40 | test.beforeEach(async ({ page }) => {
         |      ^
      41 |   await page.goto('/backoffice');
      42 |   await page.waitForLoadState('networkidle');
      43 | });
        at /home/pactivisme/Documents/Dev/Perso/JobbingTrack/frontend/tests/e2e/security-e2e.spec.ts:40:6

    Error: page.goto: Test timeout of 30000ms exceeded.
    Call log:
      - navigating to "http://localhost:5003/backoffice", waiting until "load"


      39 |
      40 | test.beforeEach(async ({ page }) => {
    > 41 |   await page.goto('/backoffice');
         |              ^
      42 |   await page.waitForLoadState('networkidle');
      43 | });
      44 |
        at /home/pactivisme/Documents/Dev/Perso/JobbingTrack/frontend/tests/e2e/security-e2e.spec.ts:41:14

    attachment #1: screenshot (image/png) ──────────────────────────────────────────────────────────
    ../../test-results/security-e2e-🛡️-Sécurité--27e5c-recherche-ne-fonctionne-pas-chromium/test-failed-1.png
    ────────────────────────────────────────────────────────────────────────────────────────────────

    attachment #2: video (video/webm) ──────────────────────────────────────────────────────────────
    ../../test-results/security-e2e-🛡️-Sécurité--27e5c-recherche-ne-fonctionne-pas-chromium/video.webm
    ────────────────────────────────────────────────────────────────────────────────────────────────

    Error Context: ../../test-results/security-e2e-🛡️-Sécurité--27e5c-recherche-ne-fonctionne-pas-chromium/error-context.md

    Retry #1 ───────────────────────────────────────────────────────────────────────────────────────

    Test timeout of 30000ms exceeded while running "beforeEach" hook.

      38 | }
      39 |
    > 40 | test.beforeEach(async ({ page }) => {
         |      ^
      41 |   await page.goto('/backoffice');
      42 |   await page.waitForLoadState('networkidle');
      43 | });
        at /home/pactivisme/Documents/Dev/Perso/JobbingTrack/frontend/tests/e2e/security-e2e.spec.ts:40:6

    Error: page.goto: Test timeout of 30000ms exceeded.
    Call log:
      - navigating to "http://localhost:5003/backoffice", waiting until "load"


      39 |
      40 | test.beforeEach(async ({ page }) => {
    > 41 |   await page.goto('/backoffice');
         |              ^
      42 |   await page.waitForLoadState('networkidle');
      43 | });
      44 |
        at /home/pactivisme/Documents/Dev/Perso/JobbingTrack/frontend/tests/e2e/security-e2e.spec.ts:41:14

    attachment #1: screenshot (image/png) ──────────────────────────────────────────────────────────
    ../../test-results/security-e2e-🛡️-Sécurité--27e5c-recherche-ne-fonctionne-pas-chromium-retry1/test-failed-1.png
    ────────────────────────────────────────────────────────────────────────────────────────────────

    attachment #2: video (video/webm) ──────────────────────────────────────────────────────────────
    ../../test-results/security-e2e-🛡️-Sécurité--27e5c-recherche-ne-fonctionne-pas-chromium-retry1/video.webm
    ────────────────────────────────────────────────────────────────────────────────────────────────

    Error Context: ../../test-results/security-e2e-🛡️-Sécurité--27e5c-recherche-ne-fonctionne-pas-chromium-retry1/error-context.md

    attachment #4: trace (application/zip) ─────────────────────────────────────────────────────────
    ../../test-results/security-e2e-🛡️-Sécurité--27e5c-recherche-ne-fonctionne-pas-chromium-retry1/trace.zip
    Usage:

        npx playwright show-trace ../../test-results/security-e2e-🛡️-Sécurité--27e5c-recherche-ne-fonctionne-pas-chromium-retry1/trace.zip

    ────────────────────────────────────────────────────────────────────────────────────────────────

    Retry #2 ───────────────────────────────────────────────────────────────────────────────────────

    Test timeout of 30000ms exceeded while running "beforeEach" hook.

      38 | }
      39 |
    > 40 | test.beforeEach(async ({ page }) => {
         |      ^
      41 |   await page.goto('/backoffice');
      42 |   await page.waitForLoadState('networkidle');
      43 | });
        at /home/pactivisme/Documents/Dev/Perso/JobbingTrack/frontend/tests/e2e/security-e2e.spec.ts:40:6

    Error: page.goto: Test timeout of 30000ms exceeded.
    Call log:
      - navigating to "http://localhost:5003/backoffice", waiting until "load"


      39 |
      40 | test.beforeEach(async ({ page }) => {
    > 41 |   await page.goto('/backoffice');
         |              ^
      42 |   await page.waitForLoadState('networkidle');
      43 | });
      44 |
        at /home/pactivisme/Documents/Dev/Perso/JobbingTrack/frontend/tests/e2e/security-e2e.spec.ts:41:14

    attachment #1: screenshot (image/png) ──────────────────────────────────────────────────────────
    ../../test-results/security-e2e-🛡️-Sécurité--27e5c-recherche-ne-fonctionne-pas-chromium-retry2/test-failed-1.png
    ────────────────────────────────────────────────────────────────────────────────────────────────

    attachment #2: video (video/webm) ──────────────────────────────────────────────────────────────
    ../../test-results/security-e2e-🛡️-Sécurité--27e5c-recherche-ne-fonctionne-pas-chromium-retry2/video.webm
    ────────────────────────────────────────────────────────────────────────────────────────────────

    Error Context: ../../test-results/security-e2e-🛡️-Sécurité--27e5c-recherche-ne-fonctionne-pas-chromium-retry2/error-context.md
]]>
</failure>
<system-out>
<![CDATA[
[[ATTACHMENT|test-results/security-e2e-🛡️-Sécurité--27e5c-recherche-ne-fonctionne-pas-chromium/test-failed-1.png]]

[[ATTACHMENT|test-results/security-e2e-🛡️-Sécurité--27e5c-recherche-ne-fonctionne-pas-chromium/video.webm]]

[[ATTACHMENT|test-results/security-e2e-🛡️-Sécurité--27e5c-recherche-ne-fonctionne-pas-chromium/error-context.md]]

[[ATTACHMENT|test-results/security-e2e-🛡️-Sécurité--27e5c-recherche-ne-fonctionne-pas-chromium-retry1/test-failed-1.png]]

[[ATTACHMENT|test-results/security-e2e-🛡️-Sécurité--27e5c-recherche-ne-fonctionne-pas-chromium-retry1/video.webm]]

[[ATTACHMENT|test-results/security-e2e-🛡️-Sécurité--27e5c-recherche-ne-fonctionne-pas-chromium-retry1/error-context.md]]

[[ATTACHMENT|test-results/security-e2e-🛡️-Sécurité--27e5c-recherche-ne-fonctionne-pas-chromium-retry1/trace.zip]]

[[ATTACHMENT|test-results/security-e2e-🛡️-Sécurité--27e5c-recherche-ne-fonctionne-pas-chromium-retry2/test-failed-1.png]]

[[ATTACHMENT|test-results/security-e2e-🛡️-Sécurité--27e5c-recherche-ne-fonctionne-pas-chromium-retry2/video.webm]]

[[ATTACHMENT|test-results/security-e2e-🛡️-Sécurité--27e5c-recherche-ne-fonctionne-pas-chromium-retry2/error-context.md]]
]]>
</system-out>
</testcase>
<testcase name="🔐 Sécurité – Auth &amp; Autorisation › requête sans token retourne 401 ou 403" classname="security-e2e.spec.ts" time="84.477">
<system-out>
<![CDATA[
[[ATTACHMENT|test-results/security-e2e-🔐-Sécurité-–-7dc44-s-token-retourne-401-ou-403-chromium/test-failed-1.png]]

[[ATTACHMENT|test-results/security-e2e-🔐-Sécurité-–-7dc44-s-token-retourne-401-ou-403-chromium/video.webm]]

[[ATTACHMENT|test-results/security-e2e-🔐-Sécurité-–-7dc44-s-token-retourne-401-ou-403-chromium/error-context.md]]

[[ATTACHMENT|test-results/security-e2e-🔐-Sécurité-–-7dc44-s-token-retourne-401-ou-403-chromium-retry1/video.webm]]

[[ATTACHMENT|test-results/security-e2e-🔐-Sécurité-–-7dc44-s-token-retourne-401-ou-403-chromium-retry1/error-context.md]]

[[ATTACHMENT|test-results/security-e2e-🔐-Sécurité-–-7dc44-s-token-retourne-401-ou-403-chromium-retry1/trace.zip]]
]]>
</system-out>
</testcase>
<testcase name="🔐 Sécurité – Auth &amp; Autorisation › requête avec token invalide retourne 401 ou 403" classname="security-e2e.spec.ts" time="80.143">
<system-out>
<![CDATA[
[[ATTACHMENT|test-results/security-e2e-🔐-Sécurité-–-129a5-nvalide-retourne-401-ou-403-chromium/test-failed-1.png]]

[[ATTACHMENT|test-results/security-e2e-🔐-Sécurité-–-129a5-nvalide-retourne-401-ou-403-chromium/video.webm]]

[[ATTACHMENT|test-results/security-e2e-🔐-Sécurité-–-129a5-nvalide-retourne-401-ou-403-chromium/error-context.md]]

[[ATTACHMENT|test-results/security-e2e-🔐-Sécurité-–-129a5-nvalide-retourne-401-ou-403-chromium-retry1/test-failed-1.png]]

[[ATTACHMENT|test-results/security-e2e-🔐-Sécurité-–-129a5-nvalide-retourne-401-ou-403-chromium-retry1/video.webm]]

[[ATTACHMENT|test-results/security-e2e-🔐-Sécurité-–-129a5-nvalide-retourne-401-ou-403-chromium-retry1/error-context.md]]

[[ATTACHMENT|test-results/security-e2e-🔐-Sécurité-–-129a5-nvalide-retourne-401-ou-403-chromium-retry1/trace.zip]]
]]>
</system-out>
</testcase>
<testcase name="🔐 Sécurité – Auth &amp; Autorisation › token expiré est rejeté" classname="security-e2e.spec.ts" time="63.908">
<system-out>
<![CDATA[
[[ATTACHMENT|test-results/security-e2e-🔐-Sécurité-–-13448-ion-token-expiré-est-rejeté-chromium/test-failed-1.png]]

[[ATTACHMENT|test-results/security-e2e-🔐-Sécurité-–-13448-ion-token-expiré-est-rejeté-chromium/video.webm]]

[[ATTACHMENT|test-results/security-e2e-🔐-Sécurité-–-13448-ion-token-expiré-est-rejeté-chromium/error-context.md]]

[[ATTACHMENT|test-results/security-e2e-🔐-Sécurité-–-13448-ion-token-expiré-est-rejeté-chromium-retry1/trace.zip]]
]]>
</system-out>
</testcase>
<testcase name="🔐 Sécurité – Auth &amp; Autorisation › JWT malformé est rejeté" classname="security-e2e.spec.ts" time="15.042">
</testcase>
<testcase name="🔒 Sécurité – Headers HTTP › les réponses contiennent des headers de sécurité" classname="security-e2e.spec.ts" time="113.041">
<failure message="security-e2e.spec.ts:194:7 les réponses contiennent des headers de sécurité" type="FAILURE">
<![CDATA[  [chromium] › security-e2e.spec.ts:194:7 › 🔒 Sécurité – Headers HTTP › les réponses contiennent des headers de sécurité 

    Test timeout of 30000ms exceeded.

    Error: page.goto: Test timeout of 30000ms exceeded.
    Call log:
      - navigating to "http://localhost:5003/backoffice", waiting until "load"


      193 | test.describe('🔒 Sécurité – Headers HTTP', () => {
      194 |   test('les réponses contiennent des headers de sécurité', async ({ page }) => {
    > 195 |     const response = await page.goto('/backoffice');
          |                                 ^
      196 |     const headers = response?.headers() ?? {};
      197 |
      198 |     const hasFrameOptions =
        at /home/pactivisme/Documents/Dev/Perso/JobbingTrack/frontend/tests/e2e/security-e2e.spec.ts:195:33

    attachment #1: video (video/webm) ──────────────────────────────────────────────────────────────
    ../../test-results/security-e2e-🔒-Sécurité-–-71e42-ent-des-headers-de-sécurité-chromium/video.webm
    ────────────────────────────────────────────────────────────────────────────────────────────────

    Error Context: ../../test-results/security-e2e-🔒-Sécurité-–-71e42-ent-des-headers-de-sécurité-chromium/error-context.md

    Retry #1 ───────────────────────────────────────────────────────────────────────────────────────

    Test timeout of 30000ms exceeded.

    Error: page.goto: Test timeout of 30000ms exceeded.
    Call log:
      - navigating to "http://localhost:5003/backoffice", waiting until "load"


      193 | test.describe('🔒 Sécurité – Headers HTTP', () => {
      194 |   test('les réponses contiennent des headers de sécurité', async ({ page }) => {
    > 195 |     const response = await page.goto('/backoffice');
          |                                 ^
      196 |     const headers = response?.headers() ?? {};
      197 |
      198 |     const hasFrameOptions =
        at /home/pactivisme/Documents/Dev/Perso/JobbingTrack/frontend/tests/e2e/security-e2e.spec.ts:195:33

    attachment #1: video (video/webm) ──────────────────────────────────────────────────────────────
    ../../test-results/security-e2e-🔒-Sécurité-–-71e42-ent-des-headers-de-sécurité-chromium-retry1/video.webm
    ────────────────────────────────────────────────────────────────────────────────────────────────

    Error Context: ../../test-results/security-e2e-🔒-Sécurité-–-71e42-ent-des-headers-de-sécurité-chromium-retry1/error-context.md

    attachment #3: trace (application/zip) ─────────────────────────────────────────────────────────
    ../../test-results/security-e2e-🔒-Sécurité-–-71e42-ent-des-headers-de-sécurité-chromium-retry1/trace.zip
    Usage:

        npx playwright show-trace ../../test-results/security-e2e-🔒-Sécurité-–-71e42-ent-des-headers-de-sécurité-chromium-retry1/trace.zip

    ────────────────────────────────────────────────────────────────────────────────────────────────

    Retry #2 ───────────────────────────────────────────────────────────────────────────────────────

    Test timeout of 30000ms exceeded.

    Error: page.goto: Test timeout of 30000ms exceeded.
    Call log:
      - navigating to "http://localhost:5003/backoffice", waiting until "load"


      193 | test.describe('🔒 Sécurité – Headers HTTP', () => {
      194 |   test('les réponses contiennent des headers de sécurité', async ({ page }) => {
    > 195 |     const response = await page.goto('/backoffice');
          |                                 ^
      196 |     const headers = response?.headers() ?? {};
      197 |
      198 |     const hasFrameOptions =
        at /home/pactivisme/Documents/Dev/Perso/JobbingTrack/frontend/tests/e2e/security-e2e.spec.ts:195:33

    attachment #1: video (video/webm) ──────────────────────────────────────────────────────────────
    ../../test-results/security-e2e-🔒-Sécurité-–-71e42-ent-des-headers-de-sécurité-chromium-retry2/video.webm
    ────────────────────────────────────────────────────────────────────────────────────────────────

    Error Context: ../../test-results/security-e2e-🔒-Sécurité-–-71e42-ent-des-headers-de-sécurité-chromium-retry2/error-context.md
]]>
</failure>
<system-out>
<![CDATA[
[[ATTACHMENT|test-results/security-e2e-🔒-Sécurité-–-71e42-ent-des-headers-de-sécurité-chromium/video.webm]]

[[ATTACHMENT|test-results/security-e2e-🔒-Sécurité-–-71e42-ent-des-headers-de-sécurité-chromium/error-context.md]]

[[ATTACHMENT|test-results/security-e2e-🔒-Sécurité-–-71e42-ent-des-headers-de-sécurité-chromium-retry1/video.webm]]

[[ATTACHMENT|test-results/security-e2e-🔒-Sécurité-–-71e42-ent-des-headers-de-sécurité-chromium-retry1/error-context.md]]

[[ATTACHMENT|test-results/security-e2e-🔒-Sécurité-–-71e42-ent-des-headers-de-sécurité-chromium-retry1/trace.zip]]

[[ATTACHMENT|test-results/security-e2e-🔒-Sécurité-–-71e42-ent-des-headers-de-sécurité-chromium-retry2/video.webm]]

[[ATTACHMENT|test-results/security-e2e-🔒-Sécurité-–-71e42-ent-des-headers-de-sécurité-chromium-retry2/error-context.md]]
]]>
</system-out>
</testcase>
<testcase name="🔒 Sécurité – Headers HTTP › l&apos;API n&apos;expose pas de headers sensibles" classname="security-e2e.spec.ts" time="22.992">
</testcase>
<testcase name="⚔️ Sécurité – Protection attaques › body trop large est rejeté (payload overflow)" classname="security-e2e.spec.ts" time="84.089">
<failure message="security-e2e.spec.ts:226:7 body trop large est rejeté (payload overflow)" type="FAILURE">
<![CDATA[  [chromium] › security-e2e.spec.ts:226:7 › ⚔️ Sécurité – Protection attaques › body trop large est rejeté (payload overflow) 

    Test timeout of 30000ms exceeded while running "beforeEach" hook.

      38 | }
      39 |
    > 40 | test.beforeEach(async ({ page }) => {
         |      ^
      41 |   await page.goto('/backoffice');
      42 |   await page.waitForLoadState('networkidle');
      43 | });
        at /home/pactivisme/Documents/Dev/Perso/JobbingTrack/frontend/tests/e2e/security-e2e.spec.ts:40:6

    Error: page.goto: Test timeout of 30000ms exceeded.
    Call log:
      - navigating to "http://localhost:5003/backoffice", waiting until "load"


      39 |
      40 | test.beforeEach(async ({ page }) => {
    > 41 |   await page.goto('/backoffice');
         |              ^
      42 |   await page.waitForLoadState('networkidle');
      43 | });
      44 |
        at /home/pactivisme/Documents/Dev/Perso/JobbingTrack/frontend/tests/e2e/security-e2e.spec.ts:41:14

    attachment #1: screenshot (image/png) ──────────────────────────────────────────────────────────
    ../../test-results/security-e2e-⚔️-Sécurité-–-974df-st-rejeté-payload-overflow--chromium/test-failed-1.png
    ────────────────────────────────────────────────────────────────────────────────────────────────

    attachment #2: video (video/webm) ──────────────────────────────────────────────────────────────
    ../../test-results/security-e2e-⚔️-Sécurité-–-974df-st-rejeté-payload-overflow--chromium/video.webm
    ────────────────────────────────────────────────────────────────────────────────────────────────

    Error Context: ../../test-results/security-e2e-⚔️-Sécurité-–-974df-st-rejeté-payload-overflow--chromium/error-context.md

    Retry #1 ───────────────────────────────────────────────────────────────────────────────────────

    Error: expect(received).toContain(expected) // indexOf

    Expected value: 201
    Received array: [400, 413, 422, 500]

      227 |     const largeBody = { name: 'A'.repeat(100_000) };
      228 |     const res = await apiFetch(page, 'POST', '/api/v1/companies', largeBody);
    > 229 |     expect([400, 413, 422, 500]).toContain(res.status);
          |                                  ^
      230 |     if (res.ok) {
      231 |       const data = res.data as any;
      232 |       const id = data?.id || data?._id || data?.company?.id || data?.company?._id;
        at /home/pactivisme/Documents/Dev/Perso/JobbingTrack/frontend/tests/e2e/security-e2e.spec.ts:229:34

    attachment #1: screenshot (image/png) ──────────────────────────────────────────────────────────
    ../../test-results/security-e2e-⚔️-Sécurité-–-974df-st-rejeté-payload-overflow--chromium-retry1/test-failed-1.png
    ────────────────────────────────────────────────────────────────────────────────────────────────

    attachment #2: video (video/webm) ──────────────────────────────────────────────────────────────
    ../../test-results/security-e2e-⚔️-Sécurité-–-974df-st-rejeté-payload-overflow--chromium-retry1/video.webm
    ────────────────────────────────────────────────────────────────────────────────────────────────

    Error Context: ../../test-results/security-e2e-⚔️-Sécurité-–-974df-st-rejeté-payload-overflow--chromium-retry1/error-context.md

    attachment #4: trace (application/zip) ─────────────────────────────────────────────────────────
    ../../test-results/security-e2e-⚔️-Sécurité-–-974df-st-rejeté-payload-overflow--chromium-retry1/trace.zip
    Usage:

        npx playwright show-trace ../../test-results/security-e2e-⚔️-Sécurité-–-974df-st-rejeté-payload-overflow--chromium-retry1/trace.zip

    ────────────────────────────────────────────────────────────────────────────────────────────────

    Retry #2 ───────────────────────────────────────────────────────────────────────────────────────

    Test timeout of 30000ms exceeded while running "beforeEach" hook.

      38 | }
      39 |
    > 40 | test.beforeEach(async ({ page }) => {
         |      ^
      41 |   await page.goto('/backoffice');
      42 |   await page.waitForLoadState('networkidle');
      43 | });
        at /home/pactivisme/Documents/Dev/Perso/JobbingTrack/frontend/tests/e2e/security-e2e.spec.ts:40:6

    Error: page.goto: Test timeout of 30000ms exceeded.
    Call log:
      - navigating to "http://localhost:5003/backoffice", waiting until "load"


      39 |
      40 | test.beforeEach(async ({ page }) => {
    > 41 |   await page.goto('/backoffice');
         |              ^
      42 |   await page.waitForLoadState('networkidle');
      43 | });
      44 |
        at /home/pactivisme/Documents/Dev/Perso/JobbingTrack/frontend/tests/e2e/security-e2e.spec.ts:41:14

    attachment #1: screenshot (image/png) ──────────────────────────────────────────────────────────
    ../../test-results/security-e2e-⚔️-Sécurité-–-974df-st-rejeté-payload-overflow--chromium-retry2/test-failed-1.png
    ────────────────────────────────────────────────────────────────────────────────────────────────

    attachment #2: video (video/webm) ──────────────────────────────────────────────────────────────
    ../../test-results/security-e2e-⚔️-Sécurité-–-974df-st-rejeté-payload-overflow--chromium-retry2/video.webm
    ────────────────────────────────────────────────────────────────────────────────────────────────

    Error Context: ../../test-results/security-e2e-⚔️-Sécurité-–-974df-st-rejeté-payload-overflow--chromium-retry2/error-context.md
]]>
</failure>
<system-out>
<![CDATA[
[[ATTACHMENT|test-results/security-e2e-⚔️-Sécurité-–-974df-st-rejeté-payload-overflow--chromium/test-failed-1.png]]

[[ATTACHMENT|test-results/security-e2e-⚔️-Sécurité-–-974df-st-rejeté-payload-overflow--chromium/video.webm]]

[[ATTACHMENT|test-results/security-e2e-⚔️-Sécurité-–-974df-st-rejeté-payload-overflow--chromium/error-context.md]]

[[ATTACHMENT|test-results/security-e2e-⚔️-Sécurité-–-974df-st-rejeté-payload-overflow--chromium-retry1/test-failed-1.png]]

[[ATTACHMENT|test-results/security-e2e-⚔️-Sécurité-–-974df-st-rejeté-payload-overflow--chromium-retry1/video.webm]]

[[ATTACHMENT|test-results/security-e2e-⚔️-Sécurité-–-974df-st-rejeté-payload-overflow--chromium-retry1/error-context.md]]

[[ATTACHMENT|test-results/security-e2e-⚔️-Sécurité-–-974df-st-rejeté-payload-overflow--chromium-retry1/trace.zip]]

[[ATTACHMENT|test-results/security-e2e-⚔️-Sécurité-–-974df-st-rejeté-payload-overflow--chromium-retry2/test-failed-1.png]]

[[ATTACHMENT|test-results/security-e2e-⚔️-Sécurité-–-974df-st-rejeté-payload-overflow--chromium-retry2/video.webm]]

[[ATTACHMENT|test-results/security-e2e-⚔️-Sécurité-–-974df-st-rejeté-payload-overflow--chromium-retry2/error-context.md]]
]]>
</system-out>
</testcase>
<testcase name="⚔️ Sécurité – Protection attaques › path traversal dans l&apos;URL est rejeté" classname="security-e2e.spec.ts" time="85.024">
<system-out>
<![CDATA[
[[ATTACHMENT|test-results/security-e2e-⚔️-Sécurité-–-280e5-ersal-dans-l-URL-est-rejeté-chromium/test-failed-1.png]]

[[ATTACHMENT|test-results/security-e2e-⚔️-Sécurité-–-280e5-ersal-dans-l-URL-est-rejeté-chromium/video.webm]]

[[ATTACHMENT|test-results/security-e2e-⚔️-Sécurité-–-280e5-ersal-dans-l-URL-est-rejeté-chromium/error-context.md]]

[[ATTACHMENT|test-results/security-e2e-⚔️-Sécurité-–-280e5-ersal-dans-l-URL-est-rejeté-chromium-retry1/video.webm]]

[[ATTACHMENT|test-results/security-e2e-⚔️-Sécurité-–-280e5-ersal-dans-l-URL-est-rejeté-chromium-retry1/error-context.md]]

[[ATTACHMENT|test-results/security-e2e-⚔️-Sécurité-–-280e5-ersal-dans-l-URL-est-rejeté-chromium-retry1/trace.zip]]
]]>
</system-out>
</testcase>
<testcase name="⚔️ Sécurité – Protection attaques › méthode HTTP non autorisée retourne 405 ou 404" classname="security-e2e.spec.ts" time="73.357">
<system-out>
<![CDATA[
[[ATTACHMENT|test-results/security-e2e-⚔️-Sécurité-–-333f8-torisée-retourne-405-ou-404-chromium/test-failed-1.png]]

[[ATTACHMENT|test-results/security-e2e-⚔️-Sécurité-–-333f8-torisée-retourne-405-ou-404-chromium/video.webm]]

[[ATTACHMENT|test-results/security-e2e-⚔️-Sécurité-–-333f8-torisée-retourne-405-ou-404-chromium/error-context.md]]

[[ATTACHMENT|test-results/security-e2e-⚔️-Sécurité-–-333f8-torisée-retourne-405-ou-404-chromium-retry1/test-failed-1.png]]

[[ATTACHMENT|test-results/security-e2e-⚔️-Sécurité-–-333f8-torisée-retourne-405-ou-404-chromium-retry1/video.webm]]

[[ATTACHMENT|test-results/security-e2e-⚔️-Sécurité-–-333f8-torisée-retourne-405-ou-404-chromium-retry1/error-context.md]]

[[ATTACHMENT|test-results/security-e2e-⚔️-Sécurité-–-333f8-torisée-retourne-405-ou-404-chromium-retry1/trace.zip]]
]]>
</system-out>
</testcase>
</testsuite>
</testsuites>